Component: ARM Compiler 5.06 update 6 (build 750) Tool: armlink [4d35ed]

==============================================================================

Section Cross References

    system_mkl16z4.o(i.SystemCoreClockUpdate) refers to aeabi_sdiv.o(.text) for __aeabi_uidivmod
    system_mkl16z4.o(i.SystemCoreClockUpdate) refers to system_mkl16z4.o(i.__ARM_common_switch8) for __ARM_common_switch8
    system_mkl16z4.o(i.SystemCoreClockUpdate) refers to system_mkl16z4.o(.data) for SystemCoreClock
    startup_mkl16z4.o(RESET) refers to startup_mkl16z4.o(.text) for Reset_Handler
    startup_mkl16z4.o(RESET) refers to main.o(i.HardFault_Handler) for HardFault_Handler
    startup_mkl16z4.o(RESET) refers to bsp_systick.o(i.SysTick_Handler) for SysTick_Handler
    startup_mkl16z4.o(RESET) refers to bsp_uart.o(i.DMA0_IRQHandler) for DMA0_IRQHandler
    startup_mkl16z4.o(RESET) refers to bsp_uart.o(i.UART0_IRQHandler) for UART0_IRQHandler
    startup_mkl16z4.o(RESET) refers to bsp_uart.o(i.UART2_IRQHandler) for UART2_IRQHandler
    startup_mkl16z4.o(RESET) refers to bsp_adc.o(i.ADC0_IRQHandler) for ADC0_IRQHandler
    startup_mkl16z4.o(RESET) refers to bsp_tim.o(i.TPM0_IRQHandler) for TPM0_IRQHandler
    startup_mkl16z4.o(RESET) refers to bsp_rtc.o(i.RTC_IRQHandler) for RTC_IRQHandler
    startup_mkl16z4.o(RESET) refers to bsp_tim.o(i.LPTMR0_IRQHandler) for LPTMR0_IRQHandler
    startup_mkl16z4.o(.text) refers to startup_mkl16z4.o(FlashConfig) for FlashConfig
    startup_mkl16z4.o(.text) refers to startup_mkl16z4.o(RESET) for __Vectors
    startup_mkl16z4.o(.text) refers to system_mkl16z4.o(i.SystemInit) for SystemInit
    startup_mkl16z4.o(.text) refers to __main.o(!!!main) for __main
    startup_mkl16z4.o(.text) refers to fsl_dma.o(i.DMA0_DriverIRQHandler) for DMA0_DriverIRQHandler
    startup_mkl16z4.o(.text) refers to fsl_dma.o(i.DMA1_DriverIRQHandler) for DMA1_DriverIRQHandler
    startup_mkl16z4.o(.text) refers to fsl_dma.o(i.DMA2_DriverIRQHandler) for DMA2_DriverIRQHandler
    startup_mkl16z4.o(.text) refers to fsl_dma.o(i.DMA3_DriverIRQHandler) for DMA3_DriverIRQHandler
    startup_mkl16z4.o(.text) refers to fsl_i2c.o(i.I2C0_DriverIRQHandler) for I2C0_DriverIRQHandler
    startup_mkl16z4.o(.text) refers to fsl_i2c.o(i.I2C1_DriverIRQHandler) for I2C1_DriverIRQHandler
    startup_mkl16z4.o(.text) refers to fsl_spi.o(i.SPI0_DriverIRQHandler) for SPI0_DriverIRQHandler
    startup_mkl16z4.o(.text) refers to fsl_spi.o(i.SPI1_DriverIRQHandler) for SPI1_DriverIRQHandler
    startup_mkl16z4.o(.text) refers to fsl_lpsci.o(i.UART0_DriverIRQHandler) for UART0_DriverIRQHandler
    startup_mkl16z4.o(.text) refers to fsl_uart.o(i.UART1_DriverIRQHandler) for UART1_DriverIRQHandler
    startup_mkl16z4.o(.text) refers to fsl_uart.o(i.UART2_DriverIRQHandler) for UART2_DriverIRQHandler
    fsl_debug_console.o(i.DbgConsole_ConvertRadixNumToString) refers to aeabi_sdiv.o(.text) for __aeabi_idivmod
    fsl_debug_console.o(i.DbgConsole_Deinit) refers to fsl_uart.o(i.UART_Deinit) for UART_Deinit
    fsl_debug_console.o(i.DbgConsole_Deinit) refers to fsl_lpsci.o(i.LPSCI_Deinit) for LPSCI_Deinit
    fsl_debug_console.o(i.DbgConsole_Deinit) refers to fsl_debug_console.o(.bss) for s_debugConsole
    fsl_debug_console.o(i.DbgConsole_Getchar) refers to fsl_debug_console.o(.bss) for s_debugConsole
    fsl_debug_console.o(i.DbgConsole_Init) refers to fsl_uart.o(i.UART_GetDefaultConfig) for UART_GetDefaultConfig
    fsl_debug_console.o(i.DbgConsole_Init) refers to fsl_uart.o(i.UART_Init) for UART_Init
    fsl_debug_console.o(i.DbgConsole_Init) refers to fsl_lpsci.o(i.LPSCI_GetDefaultConfig) for LPSCI_GetDefaultConfig
    fsl_debug_console.o(i.DbgConsole_Init) refers to fsl_lpsci.o(i.LPSCI_Init) for LPSCI_Init
    fsl_debug_console.o(i.DbgConsole_Init) refers to fsl_debug_console.o(.bss) for s_debugConsole
    fsl_debug_console.o(i.DbgConsole_Init) refers to fsl_uart.o(i.UART_WriteBlocking) for UART_WriteBlocking
    fsl_debug_console.o(i.DbgConsole_Init) refers to fsl_uart.o(i.UART_ReadBlocking) for UART_ReadBlocking
    fsl_debug_console.o(i.DbgConsole_Init) refers to fsl_lpsci.o(i.LPSCI_WriteBlocking) for LPSCI_WriteBlocking
    fsl_debug_console.o(i.DbgConsole_Init) refers to fsl_lpsci.o(i.LPSCI_ReadBlocking) for LPSCI_ReadBlocking
    fsl_debug_console.o(i.DbgConsole_Printf) refers to fsl_debug_console.o(i.DbgConsole_PrintfFormattedData) for DbgConsole_PrintfFormattedData
    fsl_debug_console.o(i.DbgConsole_Printf) refers to fsl_debug_console.o(.bss) for s_debugConsole
    fsl_debug_console.o(i.DbgConsole_Printf) refers to fsl_debug_console.o(i.DbgConsole_Putchar) for DbgConsole_Putchar
    fsl_debug_console.o(i.DbgConsole_PrintfFormattedData) refers to fsl_debug_console.o(i.DbgConsole_ConvertRadixNumToString) for DbgConsole_ConvertRadixNumToString
    fsl_debug_console.o(i.DbgConsole_PrintfFormattedData) refers to fsl_debug_console.o(i.DbgConsole_PrintfPaddingCharacter) for DbgConsole_PrintfPaddingCharacter
[...]
    PORT_SetPinMux                           0x000039b1   Thumb Code    28  bsp_uart.o(i.PORT_SetPinMux)
    i.RTC_CheckDatetimeFormat                0x000039cc   Section        0  fsl_rtc.o(i.RTC_CheckDatetimeFormat)
    RTC_CheckDatetimeFormat                  0x000039cd   Thumb Code   152  fsl_rtc.o(i.RTC_CheckDatetimeFormat)
    i.RTC_ClearStatusFlags                   0x00003aac   Section        0  fsl_rtc.o(i.RTC_ClearStatusFlags)
    i.RTC_ConvertDatetimeToSeconds           0x00003ad4   Section        0  fsl_rtc.o(i.RTC_ConvertDatetimeToSeconds)
    RTC_ConvertDatetimeToSeconds             0x00003ad5   Thumb Code   128  fsl_rtc.o(i.RTC_ConvertDatetimeToSeconds)
    i.RTC_EnableInterrupts                   0x00003b94   Section        0  bsp_rtc.o(i.RTC_EnableInterrupts)
    RTC_EnableInterrupts                     0x00003b95   Thumb Code     8  bsp_rtc.o(i.RTC_EnableInterrupts)
    i.RTC_GetDefaultConfig                   0x00003b9c   Section        0  fsl_rtc.o(i.RTC_GetDefaultConfig)
    i.RTC_IRQHandler                         0x00003bf0   Section        0  bsp_rtc.o(i.RTC_IRQHandler)
    i.RTC_Init                               0x00003c4c   Section        0  fsl_rtc.o(i.RTC_Init)
    i.RTC_SetDatetime                        0x00003d24   Section        0  fsl_rtc.o(i.RTC_SetDatetime)
    i.RTC_StartTimer                         0x00003d8c   Section        0  bsp_rtc.o(i.RTC_StartTimer)
    RTC_StartTimer                           0x00003d8d   Thumb Code    10  bsp_rtc.o(i.RTC_StartTimer)
    i.SEGGER_RTT_Write                       0x00003d98   Section        0  segger_rtt.o(i.SEGGER_RTT_Write)
    i.SEGGER_RTT_WriteNoLock                 0x00003de0   Section        0  segger_rtt.o(i.SEGGER_RTT_WriteNoLock)
    i.SEGGER_RTT_printf                      0x00003e64   Section        0  segger_rtt_printf.o(i.SEGGER_RTT_printf)
    i.SEGGER_RTT_vprintf                     0x00003e88   Section        0  segger_rtt_printf.o(i.SEGGER_RTT_vprintf)
    i.SPI0_DriverIRQHandler                  0x000040a0   Section        0  fsl_spi.o(i.SPI0_DriverIRQHandler)
    i.SPI1_DriverIRQHandler                  0x00004104   Section        0  fsl_spi.o(i.SPI1_DriverIRQHandler)
    i.SPI_CommonIRQHandler                   0x00004168   Section        0  fsl_spi.o(i.SPI_CommonIRQHandler)
    SPI_CommonIRQHandler                     0x00004169   Thumb Code    48  fsl_spi.o(i.SPI_CommonIRQHandler)
    i.SysTick_Handler                        0x000041a4   Section        0  bsp_systick.o(i.SysTick_Handler)
    i.SystemInit                             0x000041b8   Section        0  system_mkl16z4.o(i.SystemInit)
    i.SystemParam_Init                       0x000041e0   Section        0  system_param.o(i.SystemParam_Init)
    i.SystemParam_Reset                      0x00004220   Section        0  system_param.o(i.SystemParam_Reset)
    i.SystemParam_Save                       0x0000426c   Section        0  system_param.o(i.SystemParam_Save)
    i.TPM0_IRQHandler                        0x000042a4   Section        0  bsp_tim.o(i.TPM0_IRQHandler)
    i.UART0_DriverIRQHandler                 0x000042d8   Section        0  fsl_lpsci.o(i.UART0_DriverIRQHandler)
    i.UART0_IRQHandler                       0x000042f4   Section        0  bsp_uart.o(i.UART0_IRQHandler)
    i.UART1_DriverIRQHandler                 0x0000435c   Section        0  fsl_uart.o(i.UART1_DriverIRQHandler)
    i.UART2_DriverIRQHandler                 0x00004378   Section        0  fsl_uart.o(i.UART2_DriverIRQHandler)
    i.UART2_IRQHandler                       0x00004394   Section        0  bsp_uart.o(i.UART2_IRQHandler)
    i.UART_ClearStatusFlags                  0x000043ec   Section        0  fsl_uart.o(i.UART_ClearStatusFlags)
    i.UART_EnableInterrupts                  0x00004438   Section        0  fsl_uart.o(i.UART_EnableInterrupts)
    i.UART_EnableRxDMA                       0x00004458   Section        0  fsl_uart_dma.o(i.UART_EnableRxDMA)
    UART_EnableRxDMA                         0x00004459   Thumb Code    36  fsl_uart_dma.o(i.UART_EnableRxDMA)
    i.UART_EnableTxDMA                       0x0000447c   Section        0  fsl_uart_dma.o(i.UART_EnableTxDMA)
    UART_EnableTxDMA                         0x0000447d   Thumb Code    36  fsl_uart_dma.o(i.UART_EnableTxDMA)
    i.UART_GetDefaultConfig                  0x000044a0   Section        0  fsl_uart.o(i.UART_GetDefaultConfig)
    i.UART_GetInstance                       0x000044fc   Section        0  fsl_uart.o(i.UART_GetInstance)
    i.UART_GetStatusFlags                    0x0000457c   Section        0  fsl_uart.o(i.UART_GetStatusFlags)
    i.UART_Init                              0x0000458c   Section        0  fsl_uart.o(i.UART_Init)
    i.UART_TransferAbortSendDMA              0x000046f8   Section        0  fsl_uart_dma.o(i.UART_TransferAbortSendDMA)
    i.UART_TransferCreateHandleDMA           0x00004794   Section        0  fsl_uart_dma.o(i.UART_TransferCreateHandleDMA)
    i.UART_TransferReceiveDMACallback        0x0000484c   Section        0  fsl_uart_dma.o(i.UART_TransferReceiveDMACallback)
    UART_TransferReceiveDMACallback          0x0000484d   Thumb Code    86  fsl_uart_dma.o(i.UART_TransferReceiveDMACallback)
    i.UART_TransferSendDMACallback           0x000048e8   Section        0  fsl_uart_dma.o(i.UART_TransferSendDMACallback)
    UART_TransferSendDMACallback             0x000048e9   Thumb Code    86  fsl_uart_dma.o(i.UART_TransferSendDMACallback)
    i.UserTask_Init                          0x00004984   Section        0  user_task.o(i.UserTask_Init)
    i.UserTask_Process                       0x000049a0   Section        0  user_task.o(i.UserTask_Process)
    i.UserTask_Send_Event                    0x00004a2c   Section        0  user_task.o(i.UserTask_Send_Event)
    i._DoInit                                0x00004a40   Section        0  segger_rtt.o(i._DoInit)
    _DoInit                                  0x00004a41   Thumb Code    74  segger_rtt.o(i._DoInit)
    i._GetAvailWriteSpace                    0x00004ab0   Section        0  segger_rtt.o(i._GetAvailWriteSpace)
    _GetAvailWriteSpace                      0x00004ab1   Thumb Code    28  segger_rtt.o(i._GetAvailWriteSpace)
    i._PrintInt                              0x00004acc   Section        0  segger_rtt_printf.o(i._PrintInt)
    _PrintInt                                0x00004acd   Thumb Code   270  segger_rtt_printf.o(i._PrintInt)
    i._PrintUnsigned                         0x00004bdc   Section        0  segger_rtt_printf.o(i._PrintUnsigned)
    _PrintUnsigned                           0x00004bdd   Thumb Code   280  segger_rtt_printf.o(i._PrintUnsigned)
    i._StoreChar                             0x00004cf8   Section        0  segger_rtt_printf.o(i._StoreChar)
    _StoreChar                               0x00004cf9   Thumb Code    68  segger_rtt_printf.o(i._StoreChar)
    i._WriteBlocking                         0x00004d3c   Section        0  segger_rtt.o(i._WriteBlocking)
    _WriteBlocking                           0x00004d3d   Thumb Code   122  segger_rtt.o(i._WriteBlocking)
    i._WriteNoCheck                          0x00004db6   Section        0  segger_rtt.o(i._WriteNoCheck)
    _WriteNoCheck                            0x00004db7   Thumb Code    74  segger_rtt.o(i._WriteNoCheck)
    i.__ARM_common_switch8                   0x00004e00   Section        0  system_mkl16z4.o(i.__ARM_common_switch8)
    i.__aeabi_assert                         0x00004e1c   Section        0  fsl_common.o(i.__aeabi_assert)
    i.__get_PRIMASK                          0x00004e60   Section        0  osal_core.o(i.__get_PRIMASK)
    __get_PRIMASK                            0x00004e61   Thumb Code     6  osal_core.o(i.__get_PRIMASK)
    i.__get_PRIMASK                          0x00004e66   Section        0  osal_timer.o(i.__get_PRIMASK)
    __get_PRIMASK                            0x00004e67   Thumb Code     6  osal_timer.o(i.__get_PRIMASK)
    i.__set_PRIMASK                          0x00004e6c   Section        0  osal_clock.o(i.__set_PRIMASK)
    __set_PRIMASK                            0x00004e6d   Thumb Code     6  osal_clock.o(i.__set_PRIMASK)
    i.__set_PRIMASK                          0x00004e72   Section        0  osal_core.o(i.__set_PRIMASK)
    __set_PRIMASK                            0x00004e73   Thumb Code     6  osal_core.o(i.__set_PRIMASK)
    i.__set_PRIMASK                          0x00004e78   Section        0  osal_timer.o(i.__set_PRIMASK)
    __set_PRIMASK                            0x00004e79   Thumb Code     6  osal_timer.o(i.__set_PRIMASK)
    i.bsp_adc_addvalue                       0x00004e80   Section        0  bsp_adc.o(i.bsp_adc_addvalue)
    bsp_adc_addvalue                         0x00004e81   Thumb Code    70  bsp_adc.o(i.bsp_adc_addvalue)
    i.bsp_uart0_dma_init                     0x00004ecc   Section        0  bsp_uart.o(i.bsp_uart0_dma_init)
    bsp_uart0_dma_init                       0x00004ecd   Thumb Code   150  bsp_uart.o(i.bsp_uart0_dma_init)
    i.bsp_uart0_init                         0x00004f8c   Section        0  bsp_uart.o(i.bsp_uart0_init)
    bsp_uart0_init                           0x00004f8d   Thumb Code   188  bsp_uart.o(i.bsp_uart0_init)
    i.bsp_uart1_init                         0x00005060   Section        0  bsp_uart.o(i.bsp_uart1_init)
    bsp_uart1_init                           0x00005061   Thumb Code     2  bsp_uart.o(i.bsp_uart1_init)
    i.bsp_uart2_dma_init                     0x00005064   Section        0  bsp_uart.o(i.bsp_uart2_dma_init)
    bsp_uart2_dma_init                       0x00005065   Thumb Code   150  bsp_uart.o(i.bsp_uart2_dma_init)
    i.bsp_uart2_init                         0x00005124   Section        0  bsp_uart.o(i.bsp_uart2_init)
    bsp_uart2_init                           0x00005125   Thumb Code   188  bsp_uart.o(i.bsp_uart2_init)
    i.copy_flash_common_bit_operation        0x000051f4   Section        0  fsl_flash.o(i.copy_flash_common_bit_operation)
    copy_flash_common_bit_operation          0x000051f5   Thumb Code    36  fsl_flash.o(i.copy_flash_common_bit_operation)
    i.copy_flash_run_command                 0x00005220   Section        0  fsl_flash.o(i.copy_flash_run_command)
    copy_flash_run_command                   0x00005221   Thumb Code    22  fsl_flash.o(i.copy_flash_run_command)
    i.flash_cache_clear                      0x00005240   Section        0  fsl_flash.o(i.flash_cache_clear)
    i.flash_cache_clear_process              0x0000524e   Section        0  fsl_flash.o(i.flash_cache_clear_process)
    flash_cache_clear_process                0x0000524f   Thumb Code    34  fsl_flash.o(i.flash_cache_clear_process)
    i.flash_check_execute_in_ram_function_info 0x00005270   Section        0  fsl_flash.o(i.flash_check_execute_in_ram_function_info)
    flash_check_execute_in_ram_function_info 0x00005271   Thumb Code    32  fsl_flash.o(i.flash_check_execute_in_ram_function_info)
    i.flash_check_range                      0x00005290   Section        0  fsl_flash.o(i.flash_check_range)
    flash_check_range                        0x00005291   Thumb Code    58  fsl_flash.o(i.flash_check_range)
    i.flash_check_user_key                   0x000052cc   Section        0  fsl_flash.o(i.flash_check_user_key)
    flash_check_user_key                     0x000052cd   Thumb Code    16  fsl_flash.o(i.flash_check_user_key)
    i.flash_command_sequence                 0x000052e0   Section        0  fsl_flash.o(i.flash_command_sequence)
    flash_command_sequence                   0x000052e1   Thumb Code    78  fsl_flash.o(i.flash_command_sequence)
    i.flash_get_matched_operation_info       0x00005338   Section        0  fsl_flash.o(i.flash_get_matched_operation_info)
    flash_get_matched_operation_info         0x00005339   Thumb Code    60  fsl_flash.o(i.flash_get_matched_operation_info)
    i.lpsci_dma_transfer_callback            0x00005374   Section        0  bsp_uart.o(i.lpsci_dma_transfer_callback)
    lpsci_dma_transfer_callback              0x00005375   Thumb Code    20  bsp_uart.o(i.lpsci_dma_transfer_callback)
    i.main                                   0x000053a8   Section        0  main.o(i.main)
    i.mcm_flash_cache_clear                  0x000053dc   Section        0  fsl_flash.o(i.mcm_flash_cache_clear)
    i.osalRun                                0x000053fc   Section        0  osal_core.o(i.osalRun)
    osalRun                                  0x000053fd   Thumb Code   120  osal_core.o(i.osalRun)
    i.osalTimeUpdate                         0x0000547c   Section        0  osal_core.o(i.osalTimeUpdate)
    osalTimeUpdate                           0x0000547d   Thumb Code    26  osal_core.o(i.osalTimeUpdate)
    i.osalTimerAdd                           0x0000549c   Section        0  osal_timer.o(i.osalTimerAdd)
    i.osalTimerAlloc                         0x0000551c   Section        0  osal_timer.o(i.osalTimerAlloc)
    i.osalTimerFind                          0x00005578   Section        0  osal_timer.o(i.osalTimerFind)
    i.uart_dma_transfer_callback             0x000055b4   Section        0  bsp_uart.o(i.uart_dma_transfer_callback)
    uart_dma_transfer_callback               0x000055b5   Thumb Code    20  bsp_uart.o(i.uart_dma_transfer_callback)
    .constdata                               0x000055e8   Section       96  fsl_clock.o(.constdata)
    mcgModeMatrix                            0x000055e8   Data          64  fsl_clock.o(.constdata)
    fllFactorTable                           0x00005628   Data          16  fsl_clock.o(.constdata)
    trimRange                                0x00005638   Data          16  fsl_clock.o(.constdata)
    .constdata                               0x00005648   Section       12  fsl_dma.o(.constdata)
    s_dmaBases                               0x00005648   Data           4  fsl_dma.o(.constdata)
    s_dmaClockName                           0x0000564c   Data           4  fsl_dma.o(.constdata)
    s_dmaIRQNumber                           0x00005650   Data           4  fsl_dma.o(.constdata)
    .constdata                               0x00005654   Section        8  fsl_dmamux.o(.constdata)
    s_dmamuxBases                            0x00005654   Data           4  fsl_dmamux.o(.constdata)
    s_dmamuxClockName                        0x00005658   Data           4  fsl_dmamux.o(.constdata)
    .constdata                               0x0000565c   Section       78  fsl_flash.o(.constdata)
    s_flashRunCommandFunctionCode            0x00005664   Data          12  fsl_flash.o(.constdata)
    s_flashCommonBitOperationFunctionCode    0x00005670   Data          28  fsl_flash.o(.constdata)
    .constdata                               0x000056ac   Section       12  fsl_lpsci.o(.constdata)
    s_lpsciBases                             0x000056ac   Data           4  fsl_lpsci.o(.constdata)
    s_lpsciIRQ                               0x000056b0   Data           1  fsl_lpsci.o(.constdata)
    s_lpsciClock                             0x000056b4   Data           4  fsl_lpsci.o(.constdata)
    .constdata                               0x000056b8   Section       26  fsl_rtc.o(.constdata)
    .constdata                               0x000056d4   Section       28  fsl_uart.o(.constdata)
    s_uartBases                              0x000056d4   Data          12  fsl_uart.o(.constdata)
    s_uartIRQ                                0x000056e0   Data           3  fsl_uart.o(.constdata)
    s_uartClock                              0x000056e4   Data          12  fsl_uart.o(.constdata)
    .constdata                               0x000056f0   Section       55  bsp_clock.o(.constdata)
    .constdata                               0x00005728   Section       24  bsp_led.o(.constdata)
    .constdata                               0x00005740   Section       10  system_param.o(.constdata)
    .constdata                               0x0000574c   Section        8  osal_task.o(.constdata)
    .constdata                               0x00005754   Section       16  segger_rtt_printf.o(.constdata)
    _aV2C                                    0x00005754   Data          16  segger_rtt_printf.o(.constdata)
    .data                                    0x1ffff800   Section        4  system_mkl16z4.o(.data)
    .data                                    0x1ffff804   Section       16  fsl_clock.o(.data)
    s_slowIrcFreq                            0x1ffff804   Data           4  fsl_clock.o(.data)
    s_fastIrcFreq                            0x1ffff808   Data           4  fsl_clock.o(.data)
    .data                                    0x1ffff814   Section        8  fsl_flash.o(.data)
    callFlashRunCommand                      0x1ffff814   Data           4  fsl_flash.o(.data)
    callFlashCommonBitOperation              0x1ffff818   Data           4  fsl_flash.o(.data)
    .data                                    0x1ffff81c   Section       16  fsl_i2c.o(.data)
    s_i2cHandle                              0x1ffff81c   Data           8  fsl_i2c.o(.data)
    s_i2cMasterIsr                           0x1ffff824   Data           4  fsl_i2c.o(.data)
    s_i2cSlaveIsr                            0x1ffff828   Data           4  fsl_i2c.o(.data)
    .data                                    0x1ffff82c   Section        8  fsl_lpsci.o(.data)
    s_lpsciHandle                            0x1ffff82c   Data           4  fsl_lpsci.o(.data)
    s_lpsciIsr                               0x1ffff830   Data           4  fsl_lpsci.o(.data)
    .data                                    0x1ffff834   Section        8  fsl_lpsci_dma.o(.data)
    s_dmaPrivateHandle                       0x1ffff834   Data           8  fsl_lpsci_dma.o(.data)
    .data                                    0x1ffff83c   Section       16  fsl_spi.o(.data)
    s_spiHandle                              0x1ffff83c   Data           8  fsl_spi.o(.data)
    s_spiMasterIsr                           0x1ffff844   Data           4  fsl_spi.o(.data)
    s_spiSlaveIsr                            0x1ffff848   Data           4  fsl_spi.o(.data)
    .data                                    0x1ffff84c   Section        4  fsl_uart.o(.data)
    s_uartIsr                                0x1ffff84c   Data           4  fsl_uart.o(.data)
    .data                                    0x1ffff850   Section        4  bsp_systick.o(.data)
    s_Systick_Ticks                          0x1ffff850   Data           4  bsp_systick.o(.data)
    .data                                    0x1ffff854   Section        2  bsp_uart.o(.data)
    .data                                    0x1ffff858   Section       12  osal_clock.o(.data)
    s_osalClock_Seconds                      0x1ffff858   Data           4  osal_clock.o(.data)
    s_osalClock_MilliSeconds                 0x1ffff85c   Data           2  osal_clock.o(.data)
    s_osalClock_ElapsedMs                    0x1ffff860   Data           4  osal_clock.o(.data)
    .data                                    0x1ffff864   Section        4  osal_core.o(.data)
    prev_ms                                  0x1ffff864   Data           4  osal_core.o(.data)
    .data                                    0x1ffff868   Section        8  osal_task.o(.data)
    .data                                    0x1ffff870   Section        4  osal_timer.o(.data)
    s_osalTimerHead                          0x1ffff870   Data           4  osal_timer.o(.data)
    .data                                    0x1ffff874   Section        1  hal_task.o(.data)
    .data                                    0x1ffff875   Section        1  user_task.o(.data)
    .bss                                     0x1ffff878   Section       16  fsl_debug_console.o(.bss)
    s_debugConsole                           0x1ffff878   Data          16  fsl_debug_console.o(.bss)
    .bss                                     0x1ffff888   Section       16  fsl_dma.o(.bss)
    s_DMAHandle                              0x1ffff888   Data          16  fsl_dma.o(.bss)
    .bss                                     0x1ffff898   Section      140  fsl_flash.o(.bss)
    s_flashRunCommand                        0x1ffff898   Data          64  fsl_flash.o(.bss)
    s_flashCommonBitOperation                0x1ffff8d8   Data          64  fsl_flash.o(.bss)
    s_flashExecuteInRamFunctionInfo          0x1ffff918   Data          12  fsl_flash.o(.bss)
    .bss                                     0x1ffff924   Section       12  fsl_uart.o(.bss)
    s_uartHandle                             0x1ffff924   Data          12  fsl_uart.o(.bss)
    .bss                                     0x1ffff930   Section       24  fsl_uart_dma.o(.bss)
    s_dmaPrivateHandle                       0x1ffff930   Data          24  fsl_uart_dma.o(.bss)
    .bss                                     0x1ffff948   Section       20  bsp_adc.o(.bss)
    .bss                                     0x1ffff95c   Section       52  bsp_flash.o(.bss)
    .bss                                     0x1ffff990   Section       16  bsp_led.o(.bss)
    s_BSPLedControlTable                     0x1ffff990   Data          16  bsp_led.o(.bss)
    .bss                                     0x1ffff9a0   Section      128  bsp_uart.o(.bss)
    .bss                                     0x1ffffa20   Section       10  system_param.o(.bss)
    .bss                                     0x1ffffa2c   Section      240  osal_timer.o(.bss)
    s_osalTimerMemHeap                       0x1ffffa2c   Data         240  osal_timer.o(.bss)
    .bss                                     0x1ffffb1c   Section     1208  segger_rtt.o(.bss)
    _acUpBuffer                              0x1ffffbc4   Data        1024  segger_rtt.o(.bss)
    _acDownBuffer                            0x1fffffc4   Data          16  segger_rtt.o(.bss)

    Global Symbols

    Symbol Name                              Value     Ov Type        Size  Object(Section)

    BuildAttributes$$THM_ISAv3M$S$PE$A:L22$X:L11$S22$IEEE1$IW$USESV6$~STKCKD$USESV7$~SHL$OSPACE$ROPI$EBA8$UX$STANDARDLIB$REQ8$PRES8$EABIv2 0x00000000   Number         0  anon$$obj.o ABSOLUTE
    Image$$VECTOR_RAM$$Base                  0x00000000   Number         0  anon$$obj.o ABSOLUTE
    Image$$VECTOR_ROM$$Base                  0x00000000   Number         0  anon$$obj.o ABSOLUTE
    __ARM_use_no_argv                        0x00000000   Number         0  main.o ABSOLUTE
    __Vectors                                0x00000000   Data           4  startup_mkl16z4.o(RESET)
    Image$$ZI$$Limit                          - Undefined Weak Reference
    __ARM_exceptions_init                     - Undefined Weak Reference
    __alloca_initialize                       - Undefined Weak Reference
    __arm_preinit_                            - Undefined Weak Reference
    __cpp_initialize__aeabi_                  - Undefined Weak Reference
    __cxa_finalize                            - Undefined Weak Reference
    __rt_locale                               - Undefined Weak Reference
    __sigvec_lookup                           - Undefined Weak Reference
    _atexit_init                              - Undefined Weak Reference
    _call_atexit_fns                          - Undefined Weak Reference
    _clock_init                               - Undefined Weak Reference
    _fp_trap_init                             - Undefined Weak Reference
    _fp_trap_shutdown                         - Undefined Weak Reference
    _get_lc_collate                           - Undefined Weak Reference
    _get_lc_ctype                             - Undefined Weak Reference
    _get_lc_monetary                          - Undefined Weak Reference
    _get_lc_numeric                           - Undefined Weak Reference
    _get_lc_time                              - Undefined Weak Reference
    _getenv_init                              - Undefined Weak Reference
    _handle_redirection                       - Undefined Weak Reference
    _init_alloc                               - Undefined Weak Reference
    _init_user_alloc                          - Undefined Weak Reference
    _initio                                   - Undefined Weak Reference
    _rand_init                                - Undefined Weak Reference
    _signal_finish                            - Undefined Weak Reference
    _signal_init                              - Undefined Weak Reference
    _terminate_alloc                          - Undefined Weak Reference
    _terminate_user_alloc                     - Undefined Weak Reference
    _terminateio                              - Undefined Weak Reference
    __Vectors_End                            0x000000c0   Data           0  startup_mkl16z4.o(RESET)
    __Vectors_Size                           0x000000c0   Number         0  startup_mkl16z4.o ABSOLUTE
    __main                                   0x00000411   Thumb Code     8  __main.o(!!!main)
    __scatterload                            0x00000419   Thumb Code     0  __scatter.o(!!!scatter)
    __scatterload_rt2                        0x00000419   Thumb Code    52  __scatter.o(!!!scatter)
    __scatterload_rt2_thumb_only             0x00000419   Thumb Code     0  __scatter.o(!!!scatter)
    __scatterload_null                       0x00000429   Thumb Code     0  __scatter.o(!!!scatter)
    __scatterload_copy                       0x00000455   Thumb Code    26  __scatter_copy.o(!!handler_copy)
    __scatterload_zeroinit                   0x00000471   Thumb Code    28  __scatter_zi.o(!!handler_zi)
    __rt_lib_init                            0x0000048d   Thumb Code     0  libinit.o(.ARM.Collect$$libinit$$00000000)
    __rt_lib_init_alloca_1                   0x0000048f   Thumb Code     0  libinit2.o(.ARM.Collect$$libinit$$0000002E)
    __rt_lib_init_argv_1                     0x0000048f   Thumb Code     0  libinit2.o(.ARM.Collect$$libinit$$0000002C)
    __rt_lib_init_atexit_1                   0x0000048f   Thumb Code     0  libinit2.o(.ARM.Collect$$libinit$$0000001B)
    __rt_lib_init_clock_1                    0x0000048f   Thumb Code     0  libinit2.o(.ARM.Collect$$libinit$$00000021)
    __rt_lib_init_cpp_1                      0x0000048f   Thumb Code     0  libinit2.o(.ARM.Collect$$libinit$$00000032)
    __rt_lib_init_exceptions_1               0x0000048f   Thumb Code     0  libinit2.o(.ARM.Collect$$libinit$$00000030)
    __rt_lib_init_fp_1                       0x0000048f   Thumb Code     0  libinit2.o(.ARM.Collect$$libinit$$00000002)
    __rt_lib_init_fp_trap_1                  0x0000048f   Thumb Code     0  libinit2.o(.ARM.Collect$$libinit$$0000001F)
    __rt_lib_init_getenv_1                   0x0000048f   Thumb Code     0  libinit2.o(.ARM.Collect$$libinit$$00000023)
    __rt_lib_init_heap_1                     0x0000048f   Thumb Code     0  libinit2.o(.ARM.Collect$$libinit$$0000000A)
    __rt_lib_init_lc_collate_1               0x0000048f   Thumb Code     0  libinit2.o(.ARM.Collect$$libinit$$00000011)
    __rt_lib_init_lc_ctype_1                 0x0000048f   Thumb Code     0  libinit2.o(.ARM.Collect$$libinit$$00000013)
    __rt_lib_init_lc_monetary_1              0x0000048f   Thumb Code     0  libinit2.o(.ARM.Collect$$libinit$$00000015)
    __rt_lib_init_lc_numeric_1               0x0000048f   Thumb Code     0  libinit2.o(.ARM.Collect$$libinit$$00000017)
    __rt_lib_init_lc_time_1                  0x0000048f   Thumb Code     0  libinit2.o(.ARM.Collect$$libinit$$00000019)
    __rt_lib_init_preinit_1                  0x0000048f   Thumb Code     0  libinit2.o(.ARM.Collect$$libinit$$00000004)
    __rt_lib_init_rand_1                     0x0000048f   Thumb Code     0  libinit2.o(.ARM.Collect$$libinit$$0000000E)
    __rt_lib_init_return                     0x0000048f   Thumb Code     0  libinit2.o(.ARM.Collect$$libinit$$00000033)
    __rt_lib_init_signal_1                   0x0000048f   Thumb Code     0  libinit2.o(.ARM.Collect$$libinit$$0000001D)
    __rt_lib_init_stdio_1                    0x0000048f   Thumb Code     0  libinit2.o(.ARM.Collect$$libinit$$00000025)
    __rt_lib_init_user_alloc_1               0x0000048f   Thumb Code     0  libinit2.o(.ARM.Collect$$libinit$$0000000C)
    __rt_lib_shutdown                        0x00000491   Thumb Code     0  libshutdown.o(.ARM.Collect$$libshutdown$$00000000)
    __rt_lib_shutdown_cpp_1                  0x00000493   Thumb Code     0  libshutdown2.o(.ARM.Collect$$libshutdown$$00000002)
    __rt_lib_shutdown_fp_trap_1              0x00000493   Thumb Code     0  libshutdown2.o(.ARM.Collect$$libshutdown$$00000007)
    __rt_lib_shutdown_heap_1                 0x00000493   Thumb Code     0  libshutdown2.o(.ARM.Collect$$libshutdown$$0000000F)
    __rt_lib_shutdown_return                 0x00000493   Thumb Code     0  libshutdown2.o(.ARM.Collect$$libshutdown$$00000010)
    __rt_lib_shutdown_signal_1               0x00000493   Thumb Code     0  libshutdown2.o(.ARM.Collect$$libshutdown$$0000000A)
    __rt_lib_shutdown_stdio_1                0x00000493   Thumb Code     0  libshutdown2.o(.ARM.Collect$$libshutdown$$00000004)
    __rt_lib_shutdown_user_alloc_1           0x00000493   Thumb Code     0  libshutdown2.o(.ARM.Collect$$libshutdown$$0000000C)
    __rt_entry                               0x00000495   Thumb Code     0  __rtentry.o(.ARM.Collect$$rtentry$$00000000)
    __rt_entry_presh_1                       0x00000495   Thumb Code     0  __rtentry2.o(.ARM.Collect$$rtentry$$00000002)
    __rt_entry_sh                            0x00000495   Thumb Code     0  __rtentry7.o(.ARM.Collect$$rtentry$$00000007)
    __rt_entry_li                            0x00000499   Thumb Code     0  __rtentry2.o(.ARM.Collect$$rtentry$$0000000A)
    __rt_entry_postsh_1                      0x00000499   Thumb Code     0  __rtentry2.o(.ARM.Collect$$rtentry$$00000009)
    __rt_entry_main                          0x0000049d   Thumb Code     0  __rtentry2.o(.ARM.Collect$$rtentry$$0000000D)
    __rt_entry_postli_1                      0x0000049d   Thumb Code     0  __rtentry2.o(.ARM.Collect$$rtentry$$0000000C)
    __rt_exit                                0x000004a9   Thumb Code     0  rtexit.o(.ARM.Collect$$rtexit$$00000000)
    __rt_exit_ls                             0x000004ab   Thumb Code     0  rtexit2.o(.ARM.Collect$$rtexit$$00000003)
    __rt_exit_prels_1                        0x000004ab   Thumb Code     0  rtexit2.o(.ARM.Collect$$rtexit$$00000002)
    __rt_exit_exit                           0x000004af   Thumb Code     0  rtexit2.o(.ARM.Collect$$rtexit$$00000004)
    __aeabi_memcpy4                          0x000004b5   Thumb Code    56  rt_memcpy.o(.emb_text)
    __aeabi_memcpy8                          0x000004b5   Thumb Code     0  rt_memcpy.o(.emb_text)
    Reset_Handler                            0x000004ed   Thumb Code    24  startup_mkl16z4.o(.text)
    NMI_Handler                              0x00000505   Thumb Code     2  startup_mkl16z4.o(.text)
    SVC_Handler                              0x00000509   Thumb Code     2  startup_mkl16z4.o(.text)
    PendSV_Handler                           0x0000050b   Thumb Code     2  startup_mkl16z4.o(.text)
    DMA1_IRQHandler                          0x00000513   Thumb Code     4  startup_mkl16z4.o(.text)
    DMA2_IRQHandler                          0x00000517   Thumb Code     4  startup_mkl16z4.o(.text)
    DMA3_IRQHandler                          0x0000051b   Thumb Code     4  startup_mkl16z4.o(.text)
    I2C0_IRQHandler                          0x0000051f   Thumb Code     4  startup_mkl16z4.o(.text)
    I2C1_IRQHandler                          0x00000523   Thumb Code     4  startup_mkl16z4.o(.text)
    SPI0_IRQHandler                          0x00000527   Thumb Code     4  startup_mkl16z4.o(.text)
    SPI1_IRQHandler                          0x0000052b   Thumb Code     4  startup_mkl16z4.o(.text)
    UART1_IRQHandler                         0x00000533   Thumb Code     4  startup_mkl16z4.o(.text)
    I2S0_IRQHandler                          0x0000053b   Thumb Code     4  startup_mkl16z4.o(.text)
    CMP0_IRQHandler                          0x0000053f   Thumb Code     0  startup_mkl16z4.o(.text)
    DAC0_IRQHandler                          0x0000053f   Thumb Code     0  startup_mkl16z4.o(.text)
    DefaultISR                               0x0000053f   Thumb Code     0  startup_mkl16z4.o(.text)
    FTFA_IRQHandler                          0x0000053f   Thumb Code     0  startup_mkl16z4.o(.text)
    I2S0_DriverIRQHandler                    0x0000053f   Thumb Code     0  startup_mkl16z4.o(.text)
    LLWU_IRQHandler                          0x0000053f   Thumb Code     0  startup_mkl16z4.o(.text)
    LVD_LVW_IRQHandler                       0x0000053f   Thumb Code     0  startup_mkl16z4.o(.text)
    MCG_IRQHandler                           0x0000053f   Thumb Code     0  startup_mkl16z4.o(.text)
    PIT_IRQHandler                           0x0000053f   Thumb Code     0  startup_mkl16z4.o(.text)
    PORTA_IRQHandler                         0x0000053f   Thumb Code     0  startup_mkl16z4.o(.text)
    PORTC_PORTD_IRQHandler                   0x0000053f   Thumb Code     0  startup_mkl16z4.o(.text)
    RTC_Seconds_IRQHandler                   0x0000053f   Thumb Code     0  startup_mkl16z4.o(.text)
    Reserved20_IRQHandler                    0x0000053f   Thumb Code     0  startup_mkl16z4.o(.text)
    Reserved40_IRQHandler                    0x0000053f   Thumb Code     0  startup_mkl16z4.o(.text)
    Reserved45_IRQHandler                    0x0000053f   Thumb Code     0  startup_mkl16z4.o(.text)
    TPM1_IRQHandler                          0x0000053f   Thumb Code     0  startup_mkl16z4.o(.text)
    TPM2_IRQHandler                          0x0000053f   Thumb Code     0  startup_mkl16z4.o(.text)
    TSI0_IRQHandler                          0x0000053f   Thumb Code     0  startup_mkl16z4.o(.text)
    strcpy                                   0x00000589   Thumb Code    70  strcpy.o(.text)
    strlen                                   0x000005d5   Thumb Code    62  strlen.o(.text)
    __aeabi_memcpy                           0x00000619   Thumb Code   130  rt_memcpy.o(.text)
    __rt_memcpy                              0x00000619   Thumb Code     0  rt_memcpy.o(.text)
    _memset_w                                0x0000069b   Thumb Code    26  rt_memclr.o(.text)
    _memset                                  0x000006b5   Thumb Code    30  rt_memclr.o(.text)
    __aeabi_memclr                           0x000006d3   Thumb Code     4  rt_memclr.o(.text)
    __rt_memclr                              0x000006d3   Thumb Code     0  rt_memclr.o(.text)
    __aeabi_memclr4                          0x000006d7   Thumb Code     0  rt_memclr.o(.text)
    __aeabi_memclr8                          0x000006d7   Thumb Code     0  rt_memclr.o(.text)
    __rt_memclr_w                            0x000006d7   Thumb Code     4  rt_memclr.o(.text)
    __aeabi_uidiv                            0x000006db   Thumb Code     0  aeabi_sdiv.o(.text)
    __aeabi_uidivmod                         0x000006db   Thumb Code    20  aeabi_sdiv.o(.text)
    __aeabi_idiv                             0x000006ef   Thumb Code     0  aeabi_sdiv.o(.text)
    __aeabi_idivmod                          0x000006ef   Thumb Code   326  aeabi_sdiv.o(.text)
    exit                                     0x00000835   Thumb Code    16  exit.o(.text)
    _sys_exit                                0x00000845   Thumb Code     8  sys_exit.o(.text)
    __I$use$semihosting                      0x00000851   Thumb Code     0  use_no_semi.o(.text)
    __use_no_semihosting_swi                 0x00000851   Thumb Code     2  use_no_semi.o(.text)
    __semihosting_library_function           0x00000853   Thumb Code     0  indicate_semi.o(.text)
    ADC0_IRQHandler                          0x00000855   Thumb Code    20  bsp_adc.o(i.ADC0_IRQHandler)
    BSP_Flash_Init                           0x000008d9   Thumb Code    92  bsp_flash.o(i.BSP_Flash_Init)
    BSP_Flash_ReadBytes                      0x000009d5   Thumb Code    24  bsp_flash.o(i.BSP_Flash_ReadBytes)
    BSP_Flash_WriteBytes                     0x000009ed   Thumb Code    88  bsp_flash.o(i.BSP_Flash_WriteBytes)
    BSP_GetTimrCurCount                      0x00000a4d   Thumb Code    50  bsp_tim.o(i.BSP_GetTimrCurCount)
    BSP_LED_Close                            0x00000a89   Thumb Code    44  bsp_led.o(i.BSP_LED_Close)
    BSP_LED_Init                             0x00000abd   Thumb Code   156  bsp_led.o(i.BSP_LED_Init)
    BSP_LED_Open                             0x00000b61   Thumb Code    44  bsp_led.o(i.BSP_LED_Open)
    BSP_LED_Toggle                           0x00000b95   Thumb Code    34  bsp_led.o(i.BSP_LED_Toggle)
    BSP_LED_Update                           0x00000bbd   Thumb Code   360  bsp_led.o(i.BSP_LED_Update)
    BSP_RTC_Init                             0x00000d31   Thumb Code   206  bsp_rtc.o(i.BSP_RTC_Init)
    BSP_SYSTICK_IncTick                      0x00000e1d   Thumb Code    12  bsp_systick.o(i.BSP_SYSTICK_IncTick)
    BSP_ShowClock                            0x00000e2d   Thumb Code   202  bsp_clock.o(i.BSP_ShowClock)
    BSP_SysTick_Init                         0x00001005   Thumb Code    58  bsp_systick.o(i.BSP_SysTick_Init)
    BSP_SystemClockInit                      0x00001049   Thumb Code    68  bsp_clock.o(i.BSP_SystemClockInit)
    BSP_UART_Init                            0x000010a5   Thumb Code    42  bsp_uart.o(i.BSP_UART_Init)
    Board_Init_BSP                           0x000010cf   Thumb Code    18  board.o(i.Board_Init_BSP)
    Board_Init_ClockRUN                      0x000010e1   Thumb Code    12  board.o(i.Board_Init_ClockRUN)
    CLOCK_BootToPeeMode                      0x000010ed   Thumb Code    70  fsl_clock.o(i.CLOCK_BootToPeeMode)
    CLOCK_EnablePll0                         0x000011bd   Thumb Code    84  fsl_clock.o(i.CLOCK_EnablePll0)
    CLOCK_GetEr32kClkFreq                    0x0000124d   Thumb Code    92  fsl_clock.o(i.CLOCK_GetEr32kClkFreq)
    CLOCK_GetFixedFreqClkFreq                0x000012ed   Thumb Code    30  fsl_clock.o(i.CLOCK_GetFixedFreqClkFreq)
    CLOCK_GetFllFreq                         0x00001381   Thumb Code    78  fsl_clock.o(i.CLOCK_GetFllFreq)
    CLOCK_GetFreq                            0x000013fd   Thumb Code   172  fsl_clock.o(i.CLOCK_GetFreq)
    CLOCK_GetInternalRefClkFreq              0x000014ad   Thumb Code    22  fsl_clock.o(i.CLOCK_GetInternalRefClkFreq)
    CLOCK_GetOsc0ErClkFreq                   0x00001551   Thumb Code    46  fsl_clock.o(i.CLOCK_GetOsc0ErClkFreq)
    CLOCK_GetOutClkFreq                      0x000015e5   Thumb Code    60  fsl_clock.o(i.CLOCK_GetOutClkFreq)
    CLOCK_GetPll0Freq                        0x00001625   Thumb Code    74  fsl_clock.o(i.CLOCK_GetPll0Freq)
    CLOCK_GetPllFllSelClkFreq                0x000016b5   Thumb Code    52  fsl_clock.o(i.CLOCK_GetPllFllSelClkFreq)
    CLOCK_InitOsc0                           0x000016ed   Thumb Code   110  fsl_clock.o(i.CLOCK_InitOsc0)
    CLOCK_SetExternalRefClkConfig            0x00001765   Thumb Code     6  fsl_clock.o(i.CLOCK_SetExternalRefClkConfig)
    CLOCK_SetInternalRefClkConfig            0x0000176d   Thumb Code   166  fsl_clock.o(i.CLOCK_SetInternalRefClkConfig)
    CLOCK_SetPbeMode                         0x00001819   Thumb Code   124  fsl_clock.o(i.CLOCK_SetPbeMode)
    CLOCK_SetSimConfig                       0x000018d1   Thumb Code    70  fsl_clock.o(i.CLOCK_SetSimConfig)
    CRC16_Modbus                             0x00001931   Thumb Code    58  crc.o(i.CRC16_Modbus)
    DMA0_DriverIRQHandler                    0x00001975   Thumb Code    12  fsl_dma.o(i.DMA0_DriverIRQHandler)
    DMA0_IRQHandler                          0x00001985   Thumb Code   312  bsp_uart.o(i.DMA0_IRQHandler)
    DMA1_DriverIRQHandler                    0x00001ae9   Thumb Code    12  fsl_dma.o(i.DMA1_DriverIRQHandler)
    DMA2_DriverIRQHandler                    0x00001af9   Thumb Code    12  fsl_dma.o(i.DMA2_DriverIRQHandler)
    DMA3_DriverIRQHandler                    0x00001b09   Thumb Code    12  fsl_dma.o(i.DMA3_DriverIRQHandler)
    DMAMUX_Init                              0x00001c19   Thumb Code    36  fsl_dmamux.o(i.DMAMUX_Init)
    DMA_AbortTransfer                        0x00001cc5   Thumb Code    92  fsl_dma.o(i.DMA_AbortTransfer)
    DMA_CreateHandle                         0x00001f09   Thumb Code   110  fsl_dma.o(i.DMA_CreateHandle)
    DMA_HandleIRQ                            0x000023a1   Thumb Code    98  fsl_dma.o(i.DMA_HandleIRQ)
    DMA_Init                                 0x00002441   Thumb Code    36  fsl_dma.o(i.DMA_Init)
    DMA_PrepareTransfer                      0x0000246d   Thumb Code   244  fsl_dma.o(i.DMA_PrepareTransfer)
    DMA_ResetChannel                         0x00002635   Thumb Code    88  fsl_dma.o(i.DMA_ResetChannel)
    DMA_SetCallback                          0x000026e5   Thumb Code    30  fsl_dma.o(i.DMA_SetCallback)
    DMA_SetTransferConfig                    0x0000273d   Thumb Code   154  fsl_dma.o(i.DMA_SetTransferConfig)
    DMA_SubmitTransfer                       0x0000283d   Thumb Code   154  fsl_dma.o(i.DMA_SubmitTransfer)
    DbgConsole_Printf                        0x00002a3d   Thumb Code    46  fsl_debug_console.o(i.DbgConsole_Printf)
    DbgConsole_Putchar                       0x00002cd5   Thumb Code    30  fsl_debug_console.o(i.DbgConsole_Putchar)
    FLASH_Erase                              0x00002d35   Thumb Code   170  fsl_flash.o(i.FLASH_Erase)
    FLASH_GetProperty                        0x00002de5   Thumb Code   104  fsl_flash.o(i.FLASH_GetProperty)
    FLASH_Init                               0x00002e4d   Thumb Code   108  fsl_flash.o(i.FLASH_Init)
    FLASH_PrepareExecuteInRamFunctions       0x00002ecd   Thumb Code    34  fsl_flash.o(i.FLASH_PrepareExecuteInRamFunctions)
    FLASH_Program                            0x00002ef1   Thumb Code   170  fsl_flash.o(i.FLASH_Program)
    GPIO_PinInit                             0x00002fa1   Thumb Code    78  fsl_gpio.o(i.GPIO_PinInit)
    HalTask_Init                             0x00003039   Thumb Code    14  hal_task.o(i.HalTask_Init)
    HalTask_Process                          0x0000304d   Thumb Code    46  hal_task.o(i.HalTask_Process)
    HardFault_Handler                        0x0000307d   Thumb Code    12  main.o(i.HardFault_Handler)
    I2C0_DriverIRQHandler                    0x0000309d   Thumb Code    14  fsl_i2c.o(i.I2C0_DriverIRQHandler)
    I2C1_DriverIRQHandler                    0x000030b5   Thumb Code    14  fsl_i2c.o(i.I2C1_DriverIRQHandler)
    LPSCI_ClearStatusFlags                   0x00003119   Thumb Code    92  fsl_lpsci.o(i.LPSCI_ClearStatusFlags)
    LPSCI_EnableInterrupts                   0x00003179   Thumb Code    28  fsl_lpsci.o(i.LPSCI_EnableInterrupts)
    LPSCI_GetDefaultConfig                   0x000031f9   Thumb Code    40  fsl_lpsci.o(i.LPSCI_GetDefaultConfig)
    LPSCI_GetInstance                        0x00003255   Thumb Code    48  fsl_lpsci.o(i.LPSCI_GetInstance)
    LPSCI_GetStatusFlags                     0x000032d9   Thumb Code    14  fsl_lpsci.o(i.LPSCI_GetStatusFlags)
    LPSCI_Init                               0x000032e9   Thumb Code   372  fsl_lpsci.o(i.LPSCI_Init)
    LPSCI_TransferAbortSendDMA               0x000034b5   Thumb Code    78  fsl_lpsci_dma.o(i.LPSCI_TransferAbortSendDMA)
    LPSCI_TransferCreateHandleDMA            0x00003551   Thumb Code   116  fsl_lpsci_dma.o(i.LPSCI_TransferCreateHandleDMA)
    LPTMR0_IRQHandler                        0x00003741   Thumb Code    44  bsp_tim.o(i.LPTMR0_IRQHandler)
    OS_Clock_GetSystemClock                  0x00003825   Thumb Code    16  osal_clock.o(i.OS_Clock_GetSystemClock)
    OS_Clock_Update                          0x00003839   Thumb Code    94  osal_clock.o(i.OS_Clock_Update)
    OS_Events_Set                            0x000038a5   Thumb Code    46  osal_core.o(i.OS_Events_Set)
    OS_Init                                  0x000038d9   Thumb Code    16  osal_core.o(i.OS_Init)
    OS_Msg_Init                              0x000038e9   Thumb Code     2  osal_msg.o(i.OS_Msg_Init)
    OS_Start                                 0x000038eb   Thumb Code     8  osal_core.o(i.OS_Start)
    OS_Task_Init                             0x000038f3   Thumb Code    22  osal_task.o(i.OS_Task_Init)
    OS_Timer_Init                            0x00003909   Thumb Code    26  osal_timer.o(i.OS_Timer_Init)
    OS_Timer_Start                           0x00003929   Thumb Code    32  osal_timer.o(i.OS_Timer_Start)
    OS_Timer_Update                          0x00003949   Thumb Code    98  osal_timer.o(i.OS_Timer_Update)
    RTC_ClearStatusFlags                     0x00003aad   Thumb Code    38  fsl_rtc.o(i.RTC_ClearStatusFlags)
    RTC_GetDefaultConfig                     0x00003b9d   Thumb Code    34  fsl_rtc.o(i.RTC_GetDefaultConfig)
    RTC_IRQHandler                           0x00003bf1   Thumb Code    44  bsp_rtc.o(i.RTC_IRQHandler)
    RTC_Init                                 0x00003c4d   Thumb Code   154  fsl_rtc.o(i.RTC_Init)
    RTC_SetDatetime                          0x00003d25   Thumb Code    50  fsl_rtc.o(i.RTC_SetDatetime)
    SEGGER_RTT_Write                         0x00003d99   Thumb Code    66  segger_rtt.o(i.SEGGER_RTT_Write)
    SEGGER_RTT_WriteNoLock                   0x00003de1   Thumb Code   128  segger_rtt.o(i.SEGGER_RTT_WriteNoLock)
    SEGGER_RTT_printf                        0x00003e65   Thumb Code    36  segger_rtt_printf.o(i.SEGGER_RTT_printf)
    SEGGER_RTT_vprintf                       0x00003e89   Thumb Code   536  segger_rtt_printf.o(i.SEGGER_RTT_vprintf)
    SPI0_DriverIRQHandler                    0x000040a1   Thumb Code    34  fsl_spi.o(i.SPI0_DriverIRQHandler)
    SPI1_DriverIRQHandler                    0x00004105   Thumb Code    34  fsl_spi.o(i.SPI1_DriverIRQHandler)
    SysTick_Handler                          0x000041a5   Thumb Code    20  bsp_systick.o(i.SysTick_Handler)
    SystemInit                               0x000041b9   Thumb Code    30  system_mkl16z4.o(i.SystemInit)
    SystemParam_Init                         0x000041e1   Thumb Code    40  system_param.o(i.SystemParam_Init)
    SystemParam_Reset                        0x00004221   Thumb Code    26  system_param.o(i.SystemParam_Reset)
    SystemParam_Save                         0x0000426d   Thumb Code    38  system_param.o(i.SystemParam_Save)
    TPM0_IRQHandler                          0x000042a5   Thumb Code    28  bsp_tim.o(i.TPM0_IRQHandler)
    UART0_DriverIRQHandler                   0x000042d9   Thumb Code    16  fsl_lpsci.o(i.UART0_DriverIRQHandler)
    UART0_IRQHandler                         0x000042f5   Thumb Code    86  bsp_uart.o(i.UART0_IRQHandler)
    UART1_DriverIRQHandler                   0x0000435d   Thumb Code    16  fsl_uart.o(i.UART1_DriverIRQHandler)
    UART2_DriverIRQHandler                   0x00004379   Thumb Code    16  fsl_uart.o(i.UART2_DriverIRQHandler)
    UART2_IRQHandler                         0x00004395   Thumb Code    70  bsp_uart.o(i.UART2_IRQHandler)
    UART_ClearStatusFlags                    0x000043ed   Thumb Code    70  fsl_uart.o(i.UART_ClearStatusFlags)
    UART_EnableInterrupts                    0x00004439   Thumb Code    28  fsl_uart.o(i.UART_EnableInterrupts)
    UART_GetDefaultConfig                    0x000044a1   Thumb Code    40  fsl_uart.o(i.UART_GetDefaultConfig)
    UART_GetInstance                         0x000044fd   Thumb Code    50  fsl_uart.o(i.UART_GetInstance)
    UART_GetStatusFlags                      0x0000457d   Thumb Code    14  fsl_uart.o(i.UART_GetStatusFlags)
    UART_Init                                0x0000458d   Thumb Code   274  fsl_uart.o(i.UART_Init)
    UART_TransferAbortSendDMA                0x000046f9   Thumb Code    78  fsl_uart_dma.o(i.UART_TransferAbortSendDMA)
    UART_TransferCreateHandleDMA             0x00004795   Thumb Code   116  fsl_uart_dma.o(i.UART_TransferCreateHandleDMA)
    UserTask_Init                            0x00004985   Thumb Code    22  user_task.o(i.UserTask_Init)
    UserTask_Process                         0x000049a1   Thumb Code    86  user_task.o(i.UserTask_Process)
    UserTask_Send_Event                      0x00004a2d   Thumb Code    16  user_task.o(i.UserTask_Send_Event)
    __ARM_common_switch8                     0x00004e01   Thumb Code    28  system_mkl16z4.o(i.__ARM_common_switch8)
    __aeabi_assert                           0x00004e1d   Thumb Code    24  fsl_common.o(i.__aeabi_assert)
    flash_cache_clear                        0x00005241   Thumb Code    14  fsl_flash.o(i.flash_cache_clear)
    main                                     0x000053a9   Thumb Code    36  main.o(i.main)
    mcm_flash_cache_clear                    0x000053dd   Thumb Code    22  fsl_flash.o(i.mcm_flash_cache_clear)
    osalTimerAdd                             0x0000549d   Thumb Code   124  osal_timer.o(i.osalTimerAdd)
    osalTimerAlloc                           0x0000551d   Thumb Code    86  osal_timer.o(i.osalTimerAlloc)
    osalTimerFind                            0x00005579   Thumb Code    56  osal_timer.o(i.osalTimerFind)
    kFCCOBx                                  0x0000565c   Data           4  fsl_flash.o(.constdata)
    kFPROTL                                  0x00005660   Data           4  fsl_flash.o(.constdata)
    kPFlashDensities                         0x0000568c   Data          30  fsl_flash.o(.constdata)
    mcgConfig_BOARD_BootClockRUN             0x000056f0   Data          10  bsp_clock.o(.constdata)
    simConfig_BOARD_BootClockRUN             0x000056fc   Data           8  bsp_clock.o(.constdata)
    oscConfig_BOARD_BootClockRUN             0x00005704   Data           8  bsp_clock.o(.constdata)
    simConfig_RUNClockVPLS                   0x0000570c   Data           8  bsp_clock.o(.constdata)
    simConfig_VPLSClockRUN                   0x00005714   Data           8  bsp_clock.o(.constdata)
    LED_IO                                   0x00005728   Data          24  bsp_led.o(.constdata)
    SystemParam_Config_Default               0x00005740   Data          10  system_param.o(.constdata)
    g_TasksFnArr                             0x0000574c   Data           8  osal_task.o(.constdata)
    Region$$Table$$Base                      0x00005764   Number         0  anon$$obj.o(Region$$Table)
    Region$$Table$$Limit                     0x00005784   Number         0  anon$$obj.o(Region$$Table)
    Image$$RW_m_data$$Base                   0x1ffff800   Number         0  anon$$obj.o ABSOLUTE
    SystemCoreClock                          0x1ffff800   Data           4  system_mkl16z4.o(.data)
    g_xtal0Freq                              0x1ffff80c   Data           4  fsl_clock.o(.data)
    g_xtal32Freq                             0x1ffff810   Data           4  fsl_clock.o(.data)
    bsp_uart0_Tx_buf                         0x1ffff854   Data           1  bsp_uart.o(.data)
    bsp_uart2_Tx_buf                         0x1ffff855   Data           1  bsp_uart.o(.data)
    g_TasksEvents                            0x1ffff868   Data           8  osal_task.o(.data)
    g_HalTask_Id                             0x1ffff874   Data           1  hal_task.o(.data)
    g_UserTask_Id                            0x1ffff875   Data           1  user_task.o(.data)
    bsp_adc_data                             0x1ffff948   Data          20  bsp_adc.o(.bss)
    bsp_flashconfig                          0x1ffff95c   Data          52  bsp_flash.o(.bss)
    uart0_dmahandle                          0x1ffff9a0   Data          16  bsp_uart.o(.bss)
    uart0_dmatran_config                     0x1ffff9b0   Data          16  bsp_uart.o(.bss)
    uart0_dma_handle                         0x1ffff9c0   Data          32  bsp_uart.o(.bss)
    uart2_dmahandle                          0x1ffff9e0   Data          16  bsp_uart.o(.bss)
    uart2_dmatran_config                     0x1ffff9f0   Data          16  bsp_uart.o(.bss)
    uart_dma_handle                          0x1ffffa00   Data          32  bsp_uart.o(.bss)
    g_SystemParam_Config                     0x1ffffa20   Data          10  system_param.o(.bss)
    _SEGGER_RTT                              0x1ffffb1c   Data         168  segger_rtt.o(.bss)
    Image$$ARM_LIB_HEAP$$ZI$$Base            0x1fffffd4   Number         0  anon$$obj.o ABSOLUTE
    Image$$ARM_LIB_HEAP$$ZI$$Limit           0x200000d4   Number         0  anon$$obj.o ABSOLUTE
    Image$$ARM_LIB_STACK$$ZI$$Limit          0x20001800   Number         0  anon$$obj.o ABSOLUTE



==============================================================================

Memory Map of the image

  Image Entry point : 0x00000411

  Load Region LR_m_text (Base: 0x00000000, Size: 0x000057fc, Max: 0x00010000, ABSOLUTE)

    Execution Region VECTOR_ROM (Exec base: 0x00000000, Load base: 0x00000000, Size: 0x000000c0, Max: 0x00000200, ABSOLUTE)

    Exec Addr    Load Addr    Size         Type   Attr      Idx    E Section Name        Object

    0x00000000   0x00000000   0x000000c0   Data   RO           65    RESET               startup_mkl16z4.o


    Execution Region VECTOR_RAM (Exec base: 0x00000000, Load base: 0x00005784, Size: 0x00000000, Max: 0x00000000, ABSOLUTE)

    Exec Addr    Load Addr    Size         Type   Attr      Idx    E Section Name        Object

    0x00000000        -       0x00000000   Zero   RW            1    VECTOR_RAM.bss      anon$$obj.o


    Execution Region ER_m_flash_config (Exec base: 0x00000400, Load base: 0x00000400, Size: 0x00000010, Max: 0x00000010, ABSOLUTE, FIXED)

    Exec Addr    Load Addr    Size         Type   Attr      Idx    E Section Name        Object

    0x00000400   0x00000400   0x00000010   Data   RO           66    FlashConfig         startup_mkl16z4.o


    Execution Region ER_m_text (Exec base: 0x00000410, Load base: 0x00000410, Size: 0x00005374, Max: 0x0000fbf0, ABSOLUTE)

    Exec Addr    Load Addr    Size         Type   Attr      Idx    E Section Name        Object

    0x00000410   0x00000410   0x00000008   Code   RO         4926  * !!!main             c_p.l(__main.o)
    0x00000418   0x00000418   0x0000003c   Code   RO         5106    !!!scatter          c_p.l(__scatter.o)
    0x00000454   0x00000454   0x0000001a   Code   RO         5108    !!handler_copy      c_p.l(__scatter_copy.o)
    0x0000046e   0x0000046e   0x00000002   PAD
    0x00000470   0x00000470   0x0000001c   Code   RO         5110    !!handler_zi        c_p.l(__scatter_zi.o)
    0x0000048c   0x0000048c   0x00000002   Code   RO         4969    .ARM.Collect$$libinit$$00000000  c_p.l(libinit.o)
    0x0000048e   0x0000048e   0x00000000   Code   RO         4985    .ARM.Collect$$libinit$$00000002  c_p.l(libinit2.o)
    0x0000048e   0x0000048e   0x00000000   Code   RO         4987    .ARM.Collect$$libinit$$00000004  c_p.l(libinit2.o)
    0x0000048e   0x0000048e   0x00000000   Code   RO         4990    .ARM.Collect$$libinit$$0000000A  c_p.l(libinit2.o)
    0x0000048e   0x0000048e   0x00000000   Code   RO         4992    .ARM.Collect$$libinit$$0000000C  c_p.l(libinit2.o)
    0x0000048e   0x0000048e   0x00000000   Code   RO         4994    .ARM.Collect$$libinit$$0000000E  c_p.l(libinit2.o)
    0x0000048e   0x0000048e   0x00000000   Code   RO         4997    .ARM.Collect$$libinit$$00000011  c_p.l(libinit2.o)
    0x0000048e   0x0000048e   0x00000000   Code   RO         4999    .ARM.Collect$$libinit$$00000013  c_p.l(libinit2.o)
    0x0000048e   0x0000048e   0x00000000   Code   RO         5001    .ARM.Collect$$libinit$$00000015  c_p.l(libinit2.o)
    0x0000048e   0x0000048e   0x00000000   Code   RO         5003    .ARM.Collect$$libinit$$00000017  c_p.l(libinit2.o)
    0x0000048e   0x0000048e   0x00000000   Code   RO         5005    .ARM.Collect$$libinit$$00000019  c_p.l(libinit2.o)
    0x0000048e   0x0000048e   0x00000000   Code   RO         5007    .ARM.Collect$$libinit$$0000001B  c_p.l(libinit2.o)
    0x0000048e   0x0000048e   0x00000000   Code   RO         5009    .ARM.Collect$$libinit$$0000001D  c_p.l(libinit2.o)
    0x0000048e   0x0000048e   0x00000000   Code   RO         5011    .ARM.Collect$$libinit$$0000001F  c_p.l(libinit2.o)
    0x0000048e   0x0000048e   0x00000000   Code   RO         5013    .ARM.Collect$$libinit$$00000021  c_p.l(libinit2.o)
    0x0000048e   0x0000048e   0x00000000   Code   RO         5015    .ARM.Collect$$libinit$$00000023  c_p.l(libinit2.o)
    0x0000048e   0x0000048e   0x00000000   Code   RO         5017    .ARM.Collect$$libinit$$00000025  c_p.l(libinit2.o)
    0x0000048e   0x0000048e   0x00000000   Code   RO         5021    .ARM.Collect$$libinit$$0000002C  c_p.l(libinit2.o)
    0x0000048e   0x0000048e   0x00000000   Code   RO         5023    .ARM.Collect$$libinit$$0000002E  c_p.l(libinit2.o)
    0x0000048e   0x0000048e   0x00000000   Code   RO         5025    .ARM.Collect$$libinit$$00000030  c_p.l(libinit2.o)
    0x0000048e   0x0000048e   0x00000000   Code   RO         5027    .ARM.Collect$$libinit$$00000032  c_p.l(libinit2.o)
    0x0000048e   0x0000048e   0x00000002   Code   RO         5028    .ARM.Collect$$libinit$$00000033  c_p.l(libinit2.o)
    0x00000490   0x00000490   0x00000002   Code   RO         5063    .ARM.Collect$$libshutdown$$00000000  c_p.l(libshutdown.o)
    0x00000492   0x00000492   0x00000000   Code   RO         5089    .ARM.Collect$$libshutdown$$00000002  c_p.l(libshutdown2.o)
    0x00000492   0x00000492   0x00000000   Code   RO         5091    .ARM.Collect$$libshutdown$$00000004  c_p.l(libshutdown2.o)
    0x00000492   0x00000492   0x00000000   Code   RO         5094    .ARM.Collect$$libshutdown$$00000007  c_p.l(libshutdown2.o)
    0x00000492   0x00000492   0x00000000   Code   RO         5097    .ARM.Collect$$libshutdown$$0000000A  c_p.l(libshutdown2.o)
    0x00000492   0x00000492   0x00000000   Code   RO         5099    .ARM.Collect$$libshutdown$$0000000C  c_p.l(libshutdown2.o)
    0x00000492   0x00000492   0x00000000   Code   RO         5102    .ARM.Collect$$libshutdown$$0000000F  c_p.l(libshutdown2.o)
    0x00000492   0x00000492   0x00000002   Code   RO         5103    .ARM.Collect$$libshutdown$$00000010  c_p.l(libshutdown2.o)
    0x00000494   0x00000494   0x00000000   Code   RO         4928    .ARM.Collect$$rtentry$$00000000  c_p.l(__rtentry.o)
    0x00000494   0x00000494   0x00000000   Code   RO         4934    .ARM.Collect$$rtentry$$00000002  c_p.l(__rtentry2.o)
    0x00000494   0x00000494   0x00000004   Code   RO         4948    .ARM.Collect$$rtentry$$00000007  c_p.l(__rtentry7.o)
    0x00000498   0x00000498   0x00000000   Code   RO         4936    .ARM.Collect$$rtentry$$00000009  c_p.l(__rtentry2.o)
    0x00000498   0x00000498   0x00000004   Code   RO         4937    .ARM.Collect$$rtentry$$0000000A  c_p.l(__rtentry2.o)
    0x0000049c   0x0000049c   0x00000000   Code   RO         4939    .ARM.Collect$$rtentry$$0000000C  c_p.l(__rtentry2.o)
    0x0000049c   0x0000049c   0x00000008   Code   RO         4940    .ARM.Collect$$rtentry$$0000000D  c_p.l(__rtentry2.o)
    0x000004a4   0x000004a4   0x00000004   Code   RO         4949    .ARM.Collect$$rtentry$$00002718  c_p.l(__rtentry7.o)
    0x000004a8   0x000004a8   0x00000002   Code   RO         4976    .ARM.Collect$$rtexit$$00000000  c_p.l(rtexit.o)
    0x000004aa   0x000004aa   0x00000000   Code   RO         5039    .ARM.Collect$$rtexit$$00000002  c_p.l(rtexit2.o)
    0x000004aa   0x000004aa   0x00000004   Code   RO         5040    .ARM.Collect$$rtexit$$00000003  c_p.l(rtexit2.o)
    0x000004ae   0x000004ae   0x00000006   Code   RO         5041    .ARM.Collect$$rtexit$$00000004  c_p.l(rtexit2.o)
    0x000004b4   0x000004b4   0x00000038   Code   RO         4916    .emb_text           c_p.l(rt_memcpy.o)
    0x000004ec   0x000004ec   0x0000009c   Code   RO           67    .text               startup_mkl16z4.o
    0x00000588   0x00000588   0x0000004c   Code   RO         4912    .text               c_p.l(strcpy.o)
    0x000005d4   0x000005d4   0x00000044   Code   RO         4914    .text               c_p.l(strlen.o)
    0x00000618   0x00000618   0x00000082   Code   RO         4917    .text               c_p.l(rt_memcpy.o)
    0x0000069a   0x0000069a   0x00000040   Code   RO         4920    .text               c_p.l(rt_memclr.o)
    0x000006da   0x000006da   0x0000015a   Code   RO         4922    .text               c_p.l(aeabi_sdiv.o)
    0x00000834   0x00000834   0x00000010   Code   RO         4958    .text               c_p.l(exit.o)
    0x00000844   0x00000844   0x0000000c   Code   RO         5033    .text               c_p.l(sys_exit.o)
    0x00000850   0x00000850   0x00000002   Code   RO         5035    .text               c_p.l(use_no_semi.o)
    0x00000852   0x00000852   0x00000000   Code   RO         5037    .text               c_p.l(indicate_semi.o)
    0x00000852   0x00000852   0x00000002   PAD
    0x00000854   0x00000854   0x00000018   Code   RO         3082    i.ADC0_IRQHandler   bsp_adc.o
    0x0000086c   0x0000086c   0x0000006c   Code   RO         3083    i.ADC16_GetChannelConversionValue  bsp_adc.o
    0x000008d8   0x000008d8   0x000000fc   Code   RO         3306    i.BSP_Flash_Init    bsp_flash.o
    0x000009d4   0x000009d4   0x00000018   Code   RO         3307    i.BSP_Flash_ReadBytes  bsp_flash.o
    0x000009ec   0x000009ec   0x00000060   Code   RO         3309    i.BSP_Flash_WriteBytes  bsp_flash.o
    0x00000a4c   0x00000a4c   0x0000003c   Code   RO         3639    i.BSP_GetTimrCurCount  bsp_tim.o
    0x00000a88   0x00000a88   0x00000034   Code   RO         3351    i.BSP_LED_Close     bsp_led.o
    0x00000abc   0x00000abc   0x000000a4   Code   RO         3352    i.BSP_LED_Init      bsp_led.o
    0x00000b60   0x00000b60   0x00000034   Code   RO         3353    i.BSP_LED_Open      bsp_led.o
    0x00000b94   0x00000b94   0x00000028   Code   RO         3354    i.BSP_LED_Toggle    bsp_led.o
    0x00000bbc   0x00000bbc   0x00000174   Code   RO         3355    i.BSP_LED_Update    bsp_led.o
    0x00000d30   0x00000d30   0x000000ec   Code   RO         3428    i.BSP_RTC_Init      bsp_rtc.o
    0x00000e1c   0x00000e1c   0x00000010   Code   RO         3577    i.BSP_SYSTICK_IncTick  bsp_systick.o
    0x00000e2c   0x00000e2c   0x000001d8   Code   RO         3220    i.BSP_ShowClock     bsp_clock.o
    0x00001004   0x00001004   0x00000044   Code   RO         3579    i.BSP_SysTick_Init  bsp_systick.o
    0x00001048   0x00001048   0x0000005c   Code   RO         3221    i.BSP_SystemClockInit  bsp_clock.o
    0x000010a4   0x000010a4   0x0000002a   Code   RO         3745    i.BSP_UART_Init     bsp_uart.o
    0x000010ce   0x000010ce   0x00000012   Code   RO         4743    i.Board_Init_BSP    board.o
    0x000010e0   0x000010e0   0x0000000c   Code   RO         4744    i.Board_Init_ClockRUN  board.o
    0x000010ec   0x000010ec   0x00000084   Code   RO          306    i.CLOCK_BootToPeeMode  fsl_clock.o
    0x00001170   0x00001170   0x0000001c   Code   RO         3222    i.CLOCK_CONFIG_SetFllExtRefDiv  bsp_clock.o
    0x0000118c   0x0000118c   0x00000018   Code   RO         3437    i.CLOCK_EnableClock  bsp_rtc.o
    0x000011a4   0x000011a4   0x00000018   Code   RO         3752    i.CLOCK_EnableClock  bsp_uart.o
    0x000011bc   0x000011bc   0x00000090   Code   RO          310    i.CLOCK_EnablePll0  fsl_clock.o
    0x0000124c   0x0000124c   0x000000a0   Code   RO          315    i.CLOCK_GetEr32kClkFreq  fsl_clock.o
    0x000012ec   0x000012ec   0x0000001e   Code   RO          316    i.CLOCK_GetFixedFreqClkFreq  fsl_clock.o
    0x0000130a   0x0000130a   0x00000002   PAD
    0x0000130c   0x0000130c   0x00000074   Code   RO          318    i.CLOCK_GetFllExtRefClkFreq  fsl_clock.o
    0x00001380   0x00001380   0x00000058   Code   RO          319    i.CLOCK_GetFllFreq  fsl_clock.o
    0x000013d8   0x000013d8   0x00000024   Code   RO          320    i.CLOCK_GetFllRefClkFreq  fsl_clock.o
    0x000013fc   0x000013fc   0x000000b0   Code   RO          321    i.CLOCK_GetFreq     fsl_clock.o
    0x000014ac   0x000014ac   0x0000001c   Code   RO          322    i.CLOCK_GetInternalRefClkFreq  fsl_clock.o
    0x000014c8   0x000014c8   0x00000030   Code   RO          323    i.CLOCK_GetInternalRefClkSelectFreq  fsl_clock.o
    0x000014f8   0x000014f8   0x00000058   Code   RO          324    i.CLOCK_GetMcgExtClkFreq  fsl_clock.o
    0x00001550   0x00001550   0x00000070   Code   RO          326    i.CLOCK_GetOsc0ErClkFreq  fsl_clock.o
    0x000015c0   0x000015c0   0x00000024   Code   RO          327    i.CLOCK_GetOscRangeFromFreq  fsl_clock.o
    0x000015e4   0x000015e4   0x00000040   Code   RO          328    i.CLOCK_GetOutClkFreq  fsl_clock.o
    0x00001624   0x00001624   0x00000088   Code   RO          330    i.CLOCK_GetPll0Freq  fsl_clock.o
    0x000016ac   0x000016ac   0x00000008   Code   RO          331    i.CLOCK_GetPll0RefFreq  fsl_clock.o
    0x000016b4   0x000016b4   0x00000038   Code   RO          332    i.CLOCK_GetPllFllSelClkFreq  fsl_clock.o
    0x000016ec   0x000016ec   0x00000078   Code   RO          334    i.CLOCK_InitOsc0    fsl_clock.o
    0x00001764   0x00001764   0x00000006   Code   RO          338    i.CLOCK_SetExternalRefClkConfig  fsl_clock.o
    0x0000176a   0x0000176a   0x00000002   PAD
    0x0000176c   0x0000176c   0x000000ac   Code   RO          343    i.CLOCK_SetInternalRefClkConfig  fsl_clock.o
    0x00001818   0x00001818   0x000000b8   Code   RO          346    i.CLOCK_SetPbeMode  fsl_clock.o
    0x000018d0   0x000018d0   0x00000050   Code   RO          349    i.CLOCK_SetSimConfig  fsl_clock.o
    0x00001920   0x00001920   0x00000010   Code   RO         3224    i.CLOCK_SetSimSafeDivs  bsp_clock.o
    0x00001930   0x00001930   0x00000044   Code   RO         4877    i.CRC16_Modbus      crc.o
    0x00001974   0x00001974   0x00000010   Code   RO          829    i.DMA0_DriverIRQHandler  fsl_dma.o
    0x00001984   0x00001984   0x00000164   Code   RO         3753    i.DMA0_IRQHandler   bsp_uart.o
    0x00001ae8   0x00001ae8   0x00000010   Code   RO          830    i.DMA1_DriverIRQHandler  fsl_dma.o
    0x00001af8   0x00001af8   0x00000010   Code   RO          831    i.DMA2_DriverIRQHandler  fsl_dma.o
    0x00001b08   0x00001b08   0x00000010   Code   RO          832    i.DMA3_DriverIRQHandler  fsl_dma.o
    0x00001b18   0x00001b18   0x00000078   Code   RO         3754    i.DMAMUX_EnableChannel  bsp_uart.o
    0x00001b90   0x00001b90   0x00000088   Code   RO          957    i.DMAMUX_GetInstance  fsl_dmamux.o
    0x00001c18   0x00001c18   0x0000002c   Code   RO          958    i.DMAMUX_Init       fsl_dmamux.o
    0x00001c44   0x00001c44   0x00000080   Code   RO         3755    i.DMAMUX_SetSource  bsp_uart.o
    0x00001cc4   0x00001cc4   0x00000094   Code   RO          833    i.DMA_AbortTransfer  fsl_dma.o
    0x00001d58   0x00001d58   0x00000090   Code   RO         1858    i.DMA_ClearChannelStatusFlags  fsl_lpsci_dma.o
    0x00001de8   0x00001de8   0x00000090   Code   RO         2768    i.DMA_ClearChannelStatusFlags  fsl_uart_dma.o
    0x00001e78   0x00001e78   0x00000090   Code   RO         3756    i.DMA_ClearChannelStatusFlags  bsp_uart.o
    0x00001f08   0x00001f08   0x000000e0   Code   RO          834    i.DMA_CreateHandle  fsl_dma.o
    0x00001fe8   0x00001fe8   0x00000088   Code   RO         1859    i.DMA_DisableInterrupts  fsl_lpsci_dma.o
    0x00002070   0x00002070   0x00000088   Code   RO         2769    i.DMA_DisableInterrupts  fsl_uart_dma.o
    0x000020f8   0x000020f8   0x00000094   Code   RO         3757    i.DMA_EnableAsyncRequest  bsp_uart.o
    0x0000218c   0x0000218c   0x00000094   Code   RO         3758    i.DMA_EnableCycleSteal  bsp_uart.o
    0x00002220   0x00002220   0x00000088   Code   RO         3759    i.DMA_EnableInterrupts  bsp_uart.o
    0x000022a8   0x000022a8   0x00000078   Code   RO         3760    i.DMA_GetChannelStatusFlags  bsp_uart.o
    0x00002320   0x00002320   0x00000080   Code   RO          836    i.DMA_GetInstance   fsl_dma.o
    0x000023a0   0x000023a0   0x000000a0   Code   RO          837    i.DMA_HandleIRQ     fsl_dma.o
    0x00002440   0x00002440   0x0000002c   Code   RO          838    i.DMA_Init          fsl_dma.o
    0x0000246c   0x0000246c   0x000001c8   Code   RO          839    i.DMA_PrepareTransfer  fsl_dma.o
    0x00002634   0x00002634   0x000000b0   Code   RO          840    i.DMA_ResetChannel  fsl_dma.o
    0x000026e4   0x000026e4   0x00000058   Code   RO          841    i.DMA_SetCallback   fsl_dma.o
    0x0000273c   0x0000273c   0x00000100   Code   RO          844    i.DMA_SetTransferConfig  fsl_dma.o
    0x0000283c   0x0000283c   0x0000013c   Code   RO          845    i.DMA_SubmitTransfer  fsl_dma.o
    0x00002978   0x00002978   0x000000c4   Code   RO           73    i.DbgConsole_ConvertRadixNumToString  fsl_debug_console.o
    0x00002a3c   0x00002a3c   0x00000038   Code   RO           77    i.DbgConsole_Printf  fsl_debug_console.o
    0x00002a74   0x00002a74   0x0000023a   Code   RO           78    i.DbgConsole_PrintfFormattedData  fsl_debug_console.o
    0x00002cae   0x00002cae   0x00000024   Code   RO           79    i.DbgConsole_PrintfPaddingCharacter  fsl_debug_console.o
    0x00002cd2   0x00002cd2   0x00000002   PAD
    0x00002cd4   0x00002cd4   0x00000024   Code   RO           80    i.DbgConsole_Putchar  fsl_debug_console.o
    0x00002cf8   0x00002cf8   0x00000024   Code   RO         3438    i.EnableIRQ         bsp_rtc.o
    0x00002d1c   0x00002d1c   0x00000018   Code   RO         3761    i.EnableIRQ         bsp_uart.o
    0x00002d34   0x00002d34   0x000000b0   Code   RO          992    i.FLASH_Erase       fsl_flash.o
    0x00002de4   0x00002de4   0x00000068   Code   RO          995    i.FLASH_GetProperty  fsl_flash.o
    0x00002e4c   0x00002e4c   0x00000080   Code   RO          997    i.FLASH_Init        fsl_flash.o
    0x00002ecc   0x00002ecc   0x00000022   Code   RO         1004    i.FLASH_PrepareExecuteInRamFunctions  fsl_flash.o
    0x00002eee   0x00002eee   0x00000002   PAD
    0x00002ef0   0x00002ef0   0x000000b0   Code   RO         1005    i.FLASH_Program     fsl_flash.o
    0x00002fa0   0x00002fa0   0x00000084   Code   RO         1227    i.GPIO_PinInit      fsl_gpio.o
    0x00003024   0x00003024   0x00000014   Code   RO         3356    i.GPIO_WritePinOutput  bsp_led.o
    0x00003038   0x00003038   0x00000014   Code   RO         4782    i.HalTask_Init      hal_task.o
    0x0000304c   0x0000304c   0x0000002e   Code   RO         4783    i.HalTask_Process   hal_task.o
    0x0000307a   0x0000307a   0x00000002   PAD
    0x0000307c   0x0000307c   0x00000020   Code   RO         2954    i.HardFault_Handler  main.o
    0x0000309c   0x0000309c   0x00000018   Code   RO         1288    i.I2C0_DriverIRQHandler  fsl_i2c.o
    0x000030b4   0x000030b4   0x00000018   Code   RO         1289    i.I2C1_DriverIRQHandler  fsl_i2c.o
    0x000030cc   0x000030cc   0x0000004c   Code   RO         1325    i.I2C_TransferCommonIRQHandler  fsl_i2c.o
    0x00003118   0x00003118   0x00000060   Code   RO         1674    i.LPSCI_ClearStatusFlags  fsl_lpsci.o
    0x00003178   0x00003178   0x00000020   Code   RO         1677    i.LPSCI_EnableInterrupts  fsl_lpsci.o
    0x00003198   0x00003198   0x00000018   Code   RO         3762    i.LPSCI_EnableRx    bsp_uart.o
    0x000031b0   0x000031b0   0x00000024   Code   RO         1862    i.LPSCI_EnableRxDMA  fsl_lpsci_dma.o
    0x000031d4   0x000031d4   0x00000024   Code   RO         1863    i.LPSCI_EnableTxDMA  fsl_lpsci_dma.o
    0x000031f8   0x000031f8   0x0000005c   Code   RO         1678    i.LPSCI_GetDefaultConfig  fsl_lpsci.o
    0x00003254   0x00003254   0x00000084   Code   RO         1680    i.LPSCI_GetInstance  fsl_lpsci.o
    0x000032d8   0x000032d8   0x0000000e   Code   RO         1681    i.LPSCI_GetStatusFlags  fsl_lpsci.o
    0x000032e6   0x000032e6   0x00000002   PAD
    0x000032e8   0x000032e8   0x000001cc   Code   RO         1682    i.LPSCI_Init        fsl_lpsci.o
    0x000034b4   0x000034b4   0x0000009c   Code   RO         1865    i.LPSCI_TransferAbortSendDMA  fsl_lpsci_dma.o
    0x00003550   0x00003550   0x000000b8   Code   RO         1866    i.LPSCI_TransferCreateHandleDMA  fsl_lpsci_dma.o
    0x00003608   0x00003608   0x0000009c   Code   RO         1870    i.LPSCI_TransferReceiveDMACallback  fsl_lpsci_dma.o
    0x000036a4   0x000036a4   0x0000009c   Code   RO         1872    i.LPSCI_TransferSendDMACallback  fsl_lpsci_dma.o
    0x00003740   0x00003740   0x00000058   Code   RO         3642    i.LPTMR0_IRQHandler  bsp_tim.o
    0x00003798   0x00003798   0x00000014   Code   RO         3763    i.NVIC_EnableIRQ    bsp_uart.o
    0x000037ac   0x000037ac   0x00000078   Code   RO         3581    i.NVIC_SetPriority  bsp_systick.o
    0x00003824   0x00003824   0x00000014   Code   RO         4162    i.OS_Clock_GetSystemClock  osal_clock.o
    0x00003838   0x00003838   0x0000006c   Code   RO         4164    i.OS_Clock_Update   osal_clock.o
    0x000038a4   0x000038a4   0x00000034   Code   RO         4222    i.OS_Events_Set     osal_core.o
    0x000038d8   0x000038d8   0x00000010   Code   RO         4223    i.OS_Init           osal_core.o
    0x000038e8   0x000038e8   0x00000002   Code   RO         4284    i.OS_Msg_Init       osal_msg.o
    0x000038ea   0x000038ea   0x00000008   Code   RO         4224    i.OS_Start          osal_core.o
    0x000038f2   0x000038f2   0x00000016   Code   RO         4328    i.OS_Task_Init      osal_task.o
    0x00003908   0x00003908   0x00000020   Code   RO         4428    i.OS_Timer_Init     osal_timer.o
    0x00003928   0x00003928   0x00000020   Code   RO         4429    i.OS_Timer_Start    osal_timer.o
    0x00003948   0x00003948   0x00000068   Code   RO         4431    i.OS_Timer_Update   osal_timer.o
    0x000039b0   0x000039b0   0x0000001c   Code   RO         3764    i.PORT_SetPinMux    bsp_uart.o
    0x000039cc   0x000039cc   0x000000e0   Code   RO         2084    i.RTC_CheckDatetimeFormat  fsl_rtc.o
    0x00003aac   0x00003aac   0x00000026   Code   RO         2085    i.RTC_ClearStatusFlags  fsl_rtc.o
    0x00003ad2   0x00003ad2   0x00000002   PAD
    0x00003ad4   0x00003ad4   0x000000c0   Code   RO         2086    i.RTC_ConvertDatetimeToSeconds  fsl_rtc.o
    0x00003b94   0x00003b94   0x00000008   Code   RO         3439    i.RTC_EnableInterrupts  bsp_rtc.o
    0x00003b9c   0x00003b9c   0x00000054   Code   RO         2090    i.RTC_GetDefaultConfig  fsl_rtc.o
    0x00003bf0   0x00003bf0   0x0000005c   Code   RO         3440    i.RTC_IRQHandler    bsp_rtc.o
    0x00003c4c   0x00003c4c   0x000000d8   Code   RO         2091    i.RTC_Init          fsl_rtc.o
    0x00003d24   0x00003d24   0x00000068   Code   RO         2093    i.RTC_SetDatetime   fsl_rtc.o
    0x00003d8c   0x00003d8c   0x0000000a   Code   RO         3441    i.RTC_StartTimer    bsp_rtc.o
    0x00003d96   0x00003d96   0x00000002   PAD
    0x00003d98   0x00003d98   0x00000048   Code   RO         4533    i.SEGGER_RTT_Write  segger_rtt.o
    0x00003de0   0x00003de0   0x00000084   Code   RO         4534    i.SEGGER_RTT_WriteNoLock  segger_rtt.o
    0x00003e64   0x00003e64   0x00000024   Code   RO         4706    i.SEGGER_RTT_printf  segger_rtt_printf.o
    0x00003e88   0x00003e88   0x00000218   Code   RO         4707    i.SEGGER_RTT_vprintf  segger_rtt_printf.o
    0x000040a0   0x000040a0   0x00000064   Code   RO         2187    i.SPI0_DriverIRQHandler  fsl_spi.o
    0x00004104   0x00004104   0x00000064   Code   RO         2188    i.SPI1_DriverIRQHandler  fsl_spi.o
    0x00004168   0x00004168   0x0000003c   Code   RO         2189    i.SPI_CommonIRQHandler  fsl_spi.o
    0x000041a4   0x000041a4   0x00000014   Code   RO         3582    i.SysTick_Handler   bsp_systick.o
    0x000041b8   0x000041b8   0x00000028   Code   RO            7    i.SystemInit        system_mkl16z4.o
    0x000041e0   0x000041e0   0x00000040   Code   RO         4085    i.SystemParam_Init  system_param.o
    0x00004220   0x00004220   0x0000004c   Code   RO         4087    i.SystemParam_Reset  system_param.o
    0x0000426c   0x0000426c   0x00000038   Code   RO         4088    i.SystemParam_Save  system_param.o
    0x000042a4   0x000042a4   0x00000034   Code   RO         3643    i.TPM0_IRQHandler   bsp_tim.o
    0x000042d8   0x000042d8   0x0000001c   Code   RO         1701    i.UART0_DriverIRQHandler  fsl_lpsci.o
    0x000042f4   0x000042f4   0x00000068   Code   RO         3765    i.UART0_IRQHandler  bsp_uart.o
    0x0000435c   0x0000435c   0x0000001c   Code   RO         2565    i.UART1_DriverIRQHandler  fsl_uart.o
    0x00004378   0x00004378   0x0000001c   Code   RO         2567    i.UART2_DriverIRQHandler  fsl_uart.o
    0x00004394   0x00004394   0x00000058   Code   RO         3766    i.UART2_IRQHandler  bsp_uart.o
    0x000043ec   0x000043ec   0x0000004c   Code   RO         2569    i.UART_ClearStatusFlags  fsl_uart.o
    0x00004438   0x00004438   0x00000020   Code   RO         2572    i.UART_EnableInterrupts  fsl_uart.o
    0x00004458   0x00004458   0x00000024   Code   RO         2772    i.UART_EnableRxDMA  fsl_uart_dma.o
    0x0000447c   0x0000447c   0x00000024   Code   RO         2773    i.UART_EnableTxDMA  fsl_uart_dma.o
    0x000044a0   0x000044a0   0x0000005c   Code   RO         2573    i.UART_GetDefaultConfig  fsl_uart.o
    0x000044fc   0x000044fc   0x00000080   Code   RO         2575    i.UART_GetInstance  fsl_uart.o
    0x0000457c   0x0000457c   0x0000000e   Code   RO         2576    i.UART_GetStatusFlags  fsl_uart.o
    0x0000458a   0x0000458a   0x00000002   PAD
    0x0000458c   0x0000458c   0x0000016c   Code   RO         2577    i.UART_Init         fsl_uart.o
    0x000046f8   0x000046f8   0x0000009c   Code   RO         2775    i.UART_TransferAbortSendDMA  fsl_uart_dma.o
    0x00004794   0x00004794   0x000000b8   Code   RO         2776    i.UART_TransferCreateHandleDMA  fsl_uart_dma.o
    0x0000484c   0x0000484c   0x0000009c   Code   RO         2780    i.UART_TransferReceiveDMACallback  fsl_uart_dma.o
    0x000048e8   0x000048e8   0x0000009c   Code   RO         2782    i.UART_TransferSendDMACallback  fsl_uart_dma.o
    0x00004984   0x00004984   0x0000001c   Code   RO         4830    i.UserTask_Init     user_task.o
    0x000049a0   0x000049a0   0x0000008c   Code   RO         4831    i.UserTask_Process  user_task.o
    0x00004a2c   0x00004a2c   0x00000014   Code   RO         4832    i.UserTask_Send_Event  user_task.o
    0x00004a40   0x00004a40   0x00000070   Code   RO         4538    i._DoInit           segger_rtt.o
    0x00004ab0   0x00004ab0   0x0000001c   Code   RO         4539    i._GetAvailWriteSpace  segger_rtt.o
    0x00004acc   0x00004acc   0x0000010e   Code   RO         4708    i._PrintInt         segger_rtt_printf.o
    0x00004bda   0x00004bda   0x00000002   PAD
    0x00004bdc   0x00004bdc   0x0000011c   Code   RO         4709    i._PrintUnsigned    segger_rtt_printf.o
    0x00004cf8   0x00004cf8   0x00000044   Code   RO         4710    i._StoreChar        segger_rtt_printf.o
    0x00004d3c   0x00004d3c   0x0000007a   Code   RO         4541    i._WriteBlocking    segger_rtt.o
    0x00004db6   0x00004db6   0x0000004a   Code   RO         4542    i._WriteNoCheck     segger_rtt.o
    0x00004e00   0x00004e00   0x0000001c   Code   RO           31    i.__ARM_common_switch8  system_mkl16z4.o
    0x00004e1c   0x00004e1c   0x00000044   Code   RO          707    i.__aeabi_assert    fsl_common.o
    0x00004e60   0x00004e60   0x00000006   Code   RO         4225    i.__get_PRIMASK     osal_core.o
    0x00004e66   0x00004e66   0x00000006   Code   RO         4432    i.__get_PRIMASK     osal_timer.o
    0x00004e6c   0x00004e6c   0x00000006   Code   RO         4165    i.__set_PRIMASK     osal_clock.o
    0x00004e72   0x00004e72   0x00000006   Code   RO         4226    i.__set_PRIMASK     osal_core.o
    0x00004e78   0x00004e78   0x00000006   Code   RO         4433    i.__set_PRIMASK     osal_timer.o
    0x00004e7e   0x00004e7e   0x00000002   PAD
    0x00004e80   0x00004e80   0x0000004c   Code   RO         3096    i.bsp_adc_addvalue  bsp_adc.o
    0x00004ecc   0x00004ecc   0x000000c0   Code   RO         3767    i.bsp_uart0_dma_init  bsp_uart.o
    0x00004f8c   0x00004f8c   0x000000d4   Code   RO         3768    i.bsp_uart0_init    bsp_uart.o
    0x00005060   0x00005060   0x00000002   Code   RO         3769    i.bsp_uart1_init    bsp_uart.o
    0x00005062   0x00005062   0x00000002   PAD
    0x00005064   0x00005064   0x000000c0   Code   RO         3770    i.bsp_uart2_dma_init  bsp_uart.o
    0x00005124   0x00005124   0x000000d0   Code   RO         3771    i.bsp_uart2_init    bsp_uart.o
    0x000051f4   0x000051f4   0x0000002c   Code   RO         1016    i.copy_flash_common_bit_operation  fsl_flash.o
    0x00005220   0x00005220   0x00000020   Code   RO         1017    i.copy_flash_run_command  fsl_flash.o
    0x00005240   0x00005240   0x0000000e   Code   RO         1018    i.flash_cache_clear  fsl_flash.o
    0x0000524e   0x0000524e   0x00000022   Code   RO         1019    i.flash_cache_clear_process  fsl_flash.o
    0x00005270   0x00005270   0x00000020   Code   RO         1020    i.flash_check_execute_in_ram_function_info  fsl_flash.o
    0x00005290   0x00005290   0x0000003a   Code   RO         1021    i.flash_check_range  fsl_flash.o
    0x000052ca   0x000052ca   0x00000002   PAD
    0x000052cc   0x000052cc   0x00000014   Code   RO         1023    i.flash_check_user_key  fsl_flash.o
    0x000052e0   0x000052e0   0x00000058   Code   RO         1024    i.flash_command_sequence  fsl_flash.o
    0x00005338   0x00005338   0x0000003c   Code   RO         1025    i.flash_get_matched_operation_info  fsl_flash.o
    0x00005374   0x00005374   0x00000034   Code   RO         3772    i.lpsci_dma_transfer_callback  bsp_uart.o
    0x000053a8   0x000053a8   0x00000034   Code   RO         2955    i.main              main.o
    0x000053dc   0x000053dc   0x00000020   Code   RO         1027    i.mcm_flash_cache_clear  fsl_flash.o
    0x000053fc   0x000053fc   0x00000080   Code   RO         4227    i.osalRun           osal_core.o
    0x0000547c   0x0000547c   0x00000020   Code   RO         4228    i.osalTimeUpdate    osal_core.o
    0x0000549c   0x0000549c   0x00000080   Code   RO         4434    i.osalTimerAdd      osal_timer.o
    0x0000551c   0x0000551c   0x0000005c   Code   RO         4435    i.osalTimerAlloc    osal_timer.o
    0x00005578   0x00005578   0x0000003c   Code   RO         4436    i.osalTimerFind     osal_timer.o
    0x000055b4   0x000055b4   0x00000034   Code   RO         3773    i.uart_dma_transfer_callback  bsp_uart.o
    0x000055e8   0x000055e8   0x00000060   Data   RO          351    .constdata          fsl_clock.o
    0x00005648   0x00005648   0x0000000c   Data   RO          847    .constdata          fsl_dma.o
    0x00005654   0x00005654   0x00000008   Data   RO          959    .constdata          fsl_dmamux.o
    0x0000565c   0x0000565c   0x0000004e   Data   RO         1029    .constdata          fsl_flash.o
    0x000056aa   0x000056aa   0x00000002   PAD
    0x000056ac   0x000056ac   0x0000000c   Data   RO         1702    .constdata          fsl_lpsci.o
    0x000056b8   0x000056b8   0x0000001a   Data   RO         2094    .constdata          fsl_rtc.o
    0x000056d2   0x000056d2   0x00000002   PAD
    0x000056d4   0x000056d4   0x0000001c   Data   RO         2597    .constdata          fsl_uart.o
    0x000056f0   0x000056f0   0x00000037   Data   RO         3226    .constdata          bsp_clock.o
    0x00005727   0x00005727   0x00000001   PAD
    0x00005728   0x00005728   0x00000018   Data   RO         3358    .constdata          bsp_led.o
    0x00005740   0x00005740   0x0000000a   Data   RO         4090    .constdata          system_param.o
    0x0000574a   0x0000574a   0x00000002   PAD
    0x0000574c   0x0000574c   0x00000008   Data   RO         4329    .constdata          osal_task.o
    0x00005754   0x00005754   0x00000010   Data   RO         4711    .constdata          segger_rtt_printf.o
    0x00005764   0x00005764   0x00000020   Data   RO         5104    Region$$Table       anon$$obj.o


    Execution Region RW_m_data (Exec base: 0x1ffff800, Load base: 0x00005784, Size: 0x000007d4, Max: 0x00001e00, ABSOLUTE)

    Exec Addr    Load Addr    Size         Type   Attr      Idx    E Section Name        Object

    0x1ffff800   0x00005784   0x00000004   Data   RW            8    .data               system_mkl16z4.o
    0x1ffff804   0x00005788   0x00000010   Data   RW          352    .data               fsl_clock.o
    0x1ffff814   0x00005798   0x00000008   Data   RW         1030    .data               fsl_flash.o
    0x1ffff81c   0x000057a0   0x00000010   Data   RW         1327    .data               fsl_i2c.o
    0x1ffff82c   0x000057b0   0x00000008   Data   RW         1703    .data               fsl_lpsci.o
    0x1ffff834   0x000057b8   0x00000008   Data   RW         1873    .data               fsl_lpsci_dma.o
    0x1ffff83c   0x000057c0   0x00000010   Data   RW         2219    .data               fsl_spi.o
    0x1ffff84c   0x000057d0   0x00000004   Data   RW         2598    .data               fsl_uart.o
    0x1ffff850   0x000057d4   0x00000004   Data   RW         3583    .data               bsp_systick.o
    0x1ffff854   0x000057d8   0x00000002   Data   RW         3775    .data               bsp_uart.o
    0x1ffff856   0x000057da   0x00000002   PAD
    0x1ffff858   0x000057dc   0x0000000c   Data   RW         4167    .data               osal_clock.o
    0x1ffff864   0x000057e8   0x00000004   Data   RW         4229    .data               osal_core.o
    0x1ffff868   0x000057ec   0x00000008   Data   RW         4330    .data               osal_task.o
    0x1ffff870   0x000057f4   0x00000004   Data   RW         4439    .data               osal_timer.o
    0x1ffff874   0x000057f8   0x00000001   Data   RW         4785    .data               hal_task.o
    0x1ffff875   0x000057f9   0x00000001   Data   RW         4834    .data               user_task.o
    0x1ffff876   0x000057fa   0x00000002   PAD
    0x1ffff878        -       0x00000010   Zero   RW           86    .bss                fsl_debug_console.o
    0x1ffff888        -       0x00000010   Zero   RW          846    .bss                fsl_dma.o
    0x1ffff898        -       0x0000008c   Zero   RW         1028    .bss                fsl_flash.o
    0x1ffff924        -       0x0000000c   Zero   RW         2596    .bss                fsl_uart.o
    0x1ffff930        -       0x00000018   Zero   RW         2783    .bss                fsl_uart_dma.o
    0x1ffff948        -       0x00000014   Zero   RW         3097    .bss                bsp_adc.o
    0x1ffff95c        -       0x00000034   Zero   RW         3310    .bss                bsp_flash.o
    0x1ffff990        -       0x00000010   Zero   RW         3357    .bss                bsp_led.o
    0x1ffff9a0        -       0x00000080   Zero   RW         3774    .bss                bsp_uart.o
    0x1ffffa20        -       0x0000000a   Zero   RW         4089    .bss                system_param.o
    0x1ffffa2a   0x000057fa   0x00000002   PAD
    0x1ffffa2c        -       0x000000f0   Zero   RW         4438    .bss                osal_timer.o
    0x1ffffb1c        -       0x000004b8   Zero   RW         4543    .bss                segger_rtt.o


    Execution Region ARM_LIB_HEAP (Exec base: 0x1fffffd4, Load base: 0x000057fc, Size: 0x00000100, Max: 0x00000100, ABSOLUTE)

    Exec Addr    Load Addr    Size         Type   Attr      Idx    E Section Name        Object

    0x1fffffd4        -       0x00000100   Zero   RW            2    ARM_LIB_HEAP.bss    anon$$obj.o


    Execution Region ARM_LIB_STACK (Exec base: 0x20001700, Load base: 0x000057fc, Size: 0x00000100, Max: 0x00000100, ABSOLUTE)

    Exec Addr    Load Addr    Size         Type   Attr      Idx    E Section Name        Object

    0x20001700        -       0x00000100   Zero   RW            3    ARM_LIB_STACK.bss   anon$$obj.o


==============================================================================

Image component sizes


      Code (inc. data)   RO Data    RW Data    ZI Data      Debug   Object Name

        30          0          0          0          0        835   board.o
       208         84          0          0         20       6989   bsp_adc.o
       608        308         55          0          0       8808   bsp_clock.o
       372        168          0          0         52       2408   bsp_flash.o
       700         42         24          0         16       7709   bsp_led.o
       406         90          0          0          0      10715   bsp_rtc.o
       224         24          0          4          0       8591   bsp_systick.o
       200         78          0          0          0       7232   bsp_tim.o
      2564        882          0          2        128      29606   bsp_uart.o
        68         10          0          0          0       1059   crc.o
         0          0          0          0          0       6343   fsl_adc16.o
      2020        554         96         16          0      23348   fsl_clock.o
        68         44          0          0          0       2073   fsl_common.o
       894         16          0          0         16      11513   fsl_debug_console.o
      2060        958         12          0         16      22670   fsl_dma.o
       180         96          8          0          0       1894   fsl_dmamux.o
      1032         86         78          8        140      23063   fsl_flash.o
       132         54          0          0          0       2455   fsl_gpio.o
       124         30          0         16          0       8668   fsl_i2c.o
       854        244         12          8          0       8692   fsl_lpsci.o
      1004        458          0          8          0      12225   fsl_lpsci_dma.o
       858        302         26          0          0      12026   fsl_rtc.o
         0          0          0          0          0       7896   fsl_smc.o
       260        144          0         16          0       6116   fsl_spi.o
       762        254         28          4         12       8811   fsl_uart.o
      1004        458          0          0         24       9351   fsl_uart_dma.o
        66          6          0          1          0       1276   hal_task.o
        84         36          0          0          0       3419   main.o
         0          0          0          0          0        512   osal.o
       134         18          0         12          0       1788   osal_clock.o
       248         20          0          4          0       3285   osal_core.o
         2          0          0          0          0        394   osal_msg.o
        22          0          8          8          0       1604   osal_task.o
       460         26          0          4        240       5483   osal_timer.o
       540         48          0          0       1208       7938   segger_rtt.o
      1194          4         16          0          0       5677   segger_rtt_printf.o
       156         70        208          0          0       1176   startup_mkl16z4.o
        68         10          0          4          0     158883   system_mkl16z4.o
       196         92         10          0         10       2532   system_param.o
       188         64          0          1          0       1781   user_task.o

    ----------------------------------------------------------------------
     20016       5778        620        120       2396     446844   Object Totals
         0          0         32          0        512          0   (incl. Generated)
        26          0          7          4          2          0   (incl. Padding)

    ----------------------------------------------------------------------

      Code (inc. data)   RO Data    RW Data    ZI Data      Debug   Library Member Name

         8          0          0          0          0         68   __main.o
         0          0          0          0          0          0   __rtentry.o
        12          0          0          0          0          0   __rtentry2.o
         8          4          0          0          0          0   __rtentry7.o
        60          8          0          0          0          0   __scatter.o
        26          0          0          0          0          0   __scatter_copy.o
        28          0          0          0          0          0   __scatter_zi.o
       346          0          0          0          0         92   aeabi_sdiv.o
        16          0          0          0          0         68   exit.o
         0          0          0          0          0          0   indicate_semi.o
         2          0          0          0          0          0   libinit.o
         2          0          0          0          0          0   libinit2.o
         2          0          0          0          0          0   libshutdown.o
         2          0          0          0          0          0   libshutdown2.o
        64          0          0          0          0        108   rt_memclr.o
       186          0          0          0          0        144   rt_memcpy.o
         2          0          0          0          0          0   rtexit.o
        10          0          0          0          0          0   rtexit2.o
        76          6          0          0          0         72   strcpy.o
        68          6          0          0          0         72   strlen.o
        12          4          0          0          0         60   sys_exit.o
         2          0          0          0          0         68   use_no_semi.o

    ----------------------------------------------------------------------
       936         28          0          0          0        752   Library Totals
         4          0          0          0          0          0   (incl. Padding)

    ----------------------------------------------------------------------

      Code (inc. data)   RO Data    RW Data    ZI Data      Debug   Library Name

       932         28          0          0          0        752   c_p.l

    ----------------------------------------------------------------------
       936         28          0          0          0        752   Library Totals

    ----------------------------------------------------------------------

==============================================================================


      Code (inc. data)   RO Data    RW Data    ZI Data      Debug   

     20952       5806        620        120       2396     438660   Grand Totals
     20952       5806        620        120       2396     438660   ELF Image Totals
     20952       5806        620        120          0          0   ROM Totals

==============================================================================

    Total RO  Size (Code + RO Data)                21572 (  21.07kB)
    Total RW  Size (RW Data + ZI Data)              2516 (   2.46kB)
    Total ROM Size (Code + RO Data + RW Data)      21692 (  21.18kB)

==============================================================================

